<?xml version="1.0" encoding="ISO-8859-1" ?>
<link_info>
   <banner>TI ARM Linker Unix v18.1.4.LTS</banner>
   <copyright>Copyright (c) 1996-2018 Texas Instruments Incorporated</copyright>
   <link_time>0x5ec44d11</link_time>
   <link_errors>0x0</link_errors>
   <output_file>old-board.out</output_file>
   <entry_point>
      <name>_c_int00_noargs</name>
      <address>0x7a3d</address>
   </entry_point>
   <input_file_list>
      <input_file id="fl-2">
         <path>./</path>
         <kind>object</kind>
         <file>comms.obj</file>
         <name>comms.obj</name>
      </input_file>
      <input_file id="fl-3">
         <path>./</path>
         <kind>object</kind>
         <file>control.obj</file>
         <name>control.obj</name>
      </input_file>
      <input_file id="fl-4">
         <path>./</path>
         <kind>object</kind>
         <file>encoder.obj</file>
         <name>encoder.obj</name>
      </input_file>
      <input_file id="fl-5">
         <path>./</path>
         <kind>object</kind>
         <file>helper_functions.obj</file>
         <name>helper_functions.obj</name>
      </input_file>
      <input_file id="fl-6">
         <path>./</path>
         <kind>object</kind>
         <file>initialization.obj</file>
         <name>initialization.obj</name>
      </input_file>
      <input_file id="fl-7">
         <path>./</path>
         <kind>object</kind>
         <file>main.obj</file>
         <name>main.obj</name>
      </input_file>
      <input_file id="fl-8">
         <path>./</path>
         <kind>object</kind>
         <file>sense.obj</file>
         <name>sense.obj</name>
      </input_file>
      <input_file id="fl-9">
         <path>./</path>
         <kind>object</kind>
         <file>startup_msp432p401r_ccs.obj</file>
         <name>startup_msp432p401r_ccs.obj</name>
      </input_file>
      <input_file id="fl-a">
         <path>./</path>
         <kind>object</kind>
         <file>system_msp432p401r.obj</file>
         <name>system_msp432p401r.obj</name>
      </input_file>
      <input_file id="fl-b">
         <path>./driverlib/MSP432P4xx/</path>
         <kind>object</kind>
         <file>adc14.obj</file>
         <name>adc14.obj</name>
      </input_file>
      <input_file id="fl-c">
         <path>./driverlib/MSP432P4xx/</path>
         <kind>object</kind>
         <file>aes256.obj</file>
         <name>aes256.obj</name>
      </input_file>
      <input_file id="fl-d">
         <path>./driverlib/MSP432P4xx/</path>
         <kind>object</kind>
         <file>comp_e.obj</file>
         <name>comp_e.obj</name>
      </input_file>
      <input_file id="fl-e">
         <path>./driverlib/MSP432P4xx/</path>
         <kind>object</kind>
         <file>cpu.obj</file>
         <name>cpu.obj</name>
      </input_file>
      <input_file id="fl-f">
         <path>./driverlib/MSP432P4xx/</path>
         <kind>object</kind>
         <file>crc32.obj</file>
         <name>crc32.obj</name>
      </input_file>
      <input_file id="fl-10">
         <path>./driverlib/MSP432P4xx/</path>
         <kind>object</kind>
         <file>cs.obj</file>
         <name>cs.obj</name>
      </input_file>
      <input_file id="fl-11">
         <path>./driverlib/MSP432P4xx/</path>
         <kind>object</kind>
         <file>dma.obj</file>
         <name>dma.obj</name>
      </input_file>
      <input_file id="fl-12">
         <path>./driverlib/MSP432P4xx/</path>
         <kind>object</kind>
         <file>flash.obj</file>
         <name>flash.obj</name>
      </input_file>
      <input_file id="fl-13">
         <path>./driverlib/MSP432P4xx/</path>
         <kind>object</kind>
         <file>fpu.obj</file>
         <name>fpu.obj</name>
      </input_file>
      <input_file id="fl-14">
         <path>./driverlib/MSP432P4xx/</path>
         <kind>object</kind>
         <file>gpio.obj</file>
         <name>gpio.obj</name>
      </input_file>
      <input_file id="fl-15">
         <path>./driverlib/MSP432P4xx/</path>
         <kind>object</kind>
         <file>i2c.obj</file>
         <name>i2c.obj</name>
      </input_file>
      <input_file id="fl-16">
         <path>./driverlib/MSP432P4xx/</path>
         <kind>object</kind>
         <file>interrupt.obj</file>
         <name>interrupt.obj</name>
      </input_file>
      <input_file id="fl-17">
         <path>./driverlib/MSP432P4xx/</path>
         <kind>object</kind>
         <file>mpu.obj</file>
         <name>mpu.obj</name>
      </input_file>
      <input_file id="fl-18">
         <path>./driverlib/MSP432P4xx/</path>
         <kind>object</kind>
         <file>pcm.obj</file>
         <name>pcm.obj</name>
      </input_file>
      <input_file id="fl-19">
         <path>./driverlib/MSP432P4xx/</path>
         <kind>object</kind>
         <file>pmap.obj</file>
         <name>pmap.obj</name>
      </input_file>
      <input_file id="fl-1a">
         <path>./driverlib/MSP432P4xx/</path>
         <kind>object</kind>
         <file>pss.obj</file>
         <name>pss.obj</name>
      </input_file>
      <input_file id="fl-1b">
         <path>./driverlib/MSP432P4xx/</path>
         <kind>object</kind>
         <file>ref_a.obj</file>
         <name>ref_a.obj</name>
      </input_file>
      <input_file id="fl-1c">
         <path>./driverlib/MSP432P4xx/</path>
         <kind>object</kind>
         <file>reset.obj</file>
         <name>reset.obj</name>
      </input_file>
      <input_file id="fl-1d">
         <path>./driverlib/MSP432P4xx/</path>
         <kind>object</kind>
         <file>rtc_c.obj</file>
         <name>rtc_c.obj</name>
      </input_file>
      <input_file id="fl-1e">
         <path>./driverlib/MSP432P4xx/</path>
         <kind>object</kind>
         <file>spi.obj</file>
         <name>spi.obj</name>
      </input_file>
      <input_file id="fl-1f">
         <path>./driverlib/MSP432P4xx/</path>
         <kind>object</kind>
         <file>sysctl.obj</file>
         <name>sysctl.obj</name>
      </input_file>
      <input_file id="fl-20">
         <path>./driverlib/MSP432P4xx/</path>
         <kind>object</kind>
         <file>systick.obj</file>
         <name>systick.obj</name>
      </input_file>
      <input_file id="fl-21">
         <path>./driverlib/MSP432P4xx/</path>
         <kind>object</kind>
         <file>timer32.obj</file>
         <name>timer32.obj</name>
      </input_file>
      <input_file id="fl-22">
         <path>./driverlib/MSP432P4xx/</path>
         <kind>object</kind>
         <file>timer_a.obj</file>
         <name>timer_a.obj</name>
      </input_file>
      <input_file id="fl-23">
         <path>./driverlib/MSP432P4xx/</path>
         <kind>object</kind>
         <file>uart.obj</file>
         <name>uart.obj</name>
      </input_file>
      <input_file id="fl-24">
         <path>./driverlib/MSP432P4xx/</path>
         <kind>object</kind>
         <file>wdt_a.obj</file>
         <name>wdt_a.obj</name>
      </input_file>
      <input_file id="fl-28">
         <kind>object</kind>
         <file>&lt;internal&gt;</file>
         <name>&lt;internal&gt;</name>
      </input_file>
      <input_file id="fl-de">
         <path>/home/lucas/ti/ccsv8/tools/compiler/ti-cgt-arm_18.1.4.LTS/lib/</path>
         <kind>archive</kind>
         <file>rtsv7M4_T_le_v4SPD16_eabi.lib</file>
         <name>fd_add_t2.asm.obj</name>
      </input_file>
      <input_file id="fl-df">
         <path>/home/lucas/ti/ccsv8/tools/compiler/ti-cgt-arm_18.1.4.LTS/lib/</path>
         <kind>archive</kind>
         <file>rtsv7M4_T_le_v4SPD16_eabi.lib</file>
         <name>fd_div_t2.asm.obj</name>
      </input_file>
      <input_file id="fl-e0">
         <path>/home/lucas/ti/ccsv8/tools/compiler/ti-cgt-arm_18.1.4.LTS/lib/</path>
         <kind>archive</kind>
         <file>rtsv7M4_T_le_v4SPD16_eabi.lib</file>
         <name>fd_mul_t2.asm.obj</name>
      </input_file>
      <input_file id="fl-e1">
         <path>/home/lucas/ti/ccsv8/tools/compiler/ti-cgt-arm_18.1.4.LTS/lib/</path>
         <kind>archive</kind>
         <file>rtsv7M4_T_le_v4SPD16_eabi.lib</file>
         <name>fd_toi_t2.asm.obj</name>
      </input_file>
      <input_file id="fl-e2">
         <path>/home/lucas/ti/ccsv8/tools/compiler/ti-cgt-arm_18.1.4.LTS/lib/</path>
         <kind>archive</kind>
         <file>rtsv7M4_T_le_v4SPD16_eabi.lib</file>
         <name>fd_tos_t2.asm.obj</name>
      </input_file>
      <input_file id="fl-e3">
         <path>/home/lucas/ti/ccsv8/tools/compiler/ti-cgt-arm_18.1.4.LTS/lib/</path>
         <kind>archive</kind>
         <file>rtsv7M4_T_le_v4SPD16_eabi.lib</file>
         <name>fs_tod_t2.asm.obj</name>
      </input_file>
      <input_file id="fl-e4">
         <path>/home/lucas/ti/ccsv8/tools/compiler/ti-cgt-arm_18.1.4.LTS/lib/</path>
         <kind>archive</kind>
         <file>rtsv7M4_T_le_v4SPD16_eabi.lib</file>
         <name>u_tofd_t2.asm.obj</name>
      </input_file>
      <input_file id="fl-e5">
         <path>/home/lucas/ti/ccsv8/tools/compiler/ti-cgt-arm_18.1.4.LTS/lib/</path>
         <kind>archive</kind>
         <file>rtsv7M4_T_le_v4SPD16_eabi.lib</file>
         <name>copy_zero_init.c.obj</name>
      </input_file>
      <input_file id="fl-e6">
         <path>/home/lucas/ti/ccsv8/tools/compiler/ti-cgt-arm_18.1.4.LTS/lib/</path>
         <kind>archive</kind>
         <file>rtsv7M4_T_le_v4SPD16_eabi.lib</file>
         <name>copy_decompress_none.c.obj</name>
      </input_file>
      <input_file id="fl-e7">
         <path>/home/lucas/ti/ccsv8/tools/compiler/ti-cgt-arm_18.1.4.LTS/lib/</path>
         <kind>archive</kind>
         <file>rtsv7M4_T_le_v4SPD16_eabi.lib</file>
         <name>copy_decompress_lzss.c.obj</name>
      </input_file>
      <input_file id="fl-e8">
         <path>/home/lucas/ti/ccsv8/tools/compiler/ti-cgt-arm_18.1.4.LTS/lib/</path>
         <kind>archive</kind>
         <file>rtsv7M4_T_le_v4SPD16_eabi.lib</file>
         <name>boot_cortex_m.c.obj</name>
      </input_file>
      <input_file id="fl-e9">
         <path>/home/lucas/ti/ccsv8/tools/compiler/ti-cgt-arm_18.1.4.LTS/lib/</path>
         <kind>archive</kind>
         <file>rtsv7M4_T_le_v4SPD16_eabi.lib</file>
         <name>exit.c.obj</name>
      </input_file>
      <input_file id="fl-ea">
         <path>/home/lucas/ti/ccsv8/tools/compiler/ti-cgt-arm_18.1.4.LTS/lib/</path>
         <kind>archive</kind>
         <file>rtsv7M4_T_le_v4SPD16_eabi.lib</file>
         <name>_lock.c.obj</name>
      </input_file>
      <input_file id="fl-eb">
         <path>/home/lucas/ti/ccsv8/tools/compiler/ti-cgt-arm_18.1.4.LTS/lib/</path>
         <kind>archive</kind>
         <file>rtsv7M4_T_le_v4SPD16_eabi.lib</file>
         <name>args_main.c.obj</name>
      </input_file>
      <input_file id="fl-ec">
         <path>/home/lucas/ti/ccsv8/tools/compiler/ti-cgt-arm_18.1.4.LTS/lib/</path>
         <kind>archive</kind>
         <file>rtsv7M4_T_le_v4SPD16_eabi.lib</file>
         <name>atof.c.obj</name>
      </input_file>
      <input_file id="fl-ed">
         <path>/home/lucas/ti/ccsv8/tools/compiler/ti-cgt-arm_18.1.4.LTS/lib/</path>
         <kind>archive</kind>
         <file>rtsv7M4_T_le_v4SPD16_eabi.lib</file>
         <name>sprintf.c.obj</name>
      </input_file>
      <input_file id="fl-ee">
         <path>/home/lucas/ti/ccsv8/tools/compiler/ti-cgt-arm_18.1.4.LTS/lib/</path>
         <kind>archive</kind>
         <file>rtsv7M4_T_le_v4SPD16_eabi.lib</file>
         <name>strtod.c.obj</name>
      </input_file>
      <input_file id="fl-ef">
         <path>/home/lucas/ti/ccsv8/tools/compiler/ti-cgt-arm_18.1.4.LTS/lib/</path>
         <kind>archive</kind>
         <file>rtsv7M4_T_le_v4SPD16_eabi.lib</file>
         <name>s_scalbn.c.obj</name>
      </input_file>
      <input_file id="fl-f0">
         <path>/home/lucas/ti/ccsv8/tools/compiler/ti-cgt-arm_18.1.4.LTS/lib/</path>
         <kind>archive</kind>
         <file>rtsv7M4_T_le_v4SPD16_eabi.lib</file>
         <name>fd_cmp_t2.asm.obj</name>
      </input_file>
      <input_file id="fl-f1">
         <path>/home/lucas/ti/ccsv8/tools/compiler/ti-cgt-arm_18.1.4.LTS/lib/</path>
         <kind>archive</kind>
         <file>rtsv7M4_T_le_v4SPD16_eabi.lib</file>
         <name>memcpy_t2.asm.obj</name>
      </input_file>
      <input_file id="fl-f2">
         <path>/home/lucas/ti/ccsv8/tools/compiler/ti-cgt-arm_18.1.4.LTS/lib/</path>
         <kind>archive</kind>
         <file>rtsv7M4_T_le_v4SPD16_eabi.lib</file>
         <name>memset_t2.asm.obj</name>
      </input_file>
      <input_file id="fl-f3">
         <path>/home/lucas/ti/ccsv8/tools/compiler/ti-cgt-arm_18.1.4.LTS/lib/</path>
         <kind>archive</kind>
         <file>rtsv7M4_T_le_v4SPD16_eabi.lib</file>
         <name>autoinit.c.obj</name>
      </input_file>
      <input_file id="fl-f4">
         <path>/home/lucas/ti/ccsv8/tools/compiler/ti-cgt-arm_18.1.4.LTS/lib/</path>
         <kind>archive</kind>
         <file>rtsv7M4_T_le_v4SPD16_eabi.lib</file>
         <name>pre_init.c.obj</name>
      </input_file>
      <input_file id="fl-f5">
         <path>/home/lucas/ti/ccsv8/tools/compiler/ti-cgt-arm_18.1.4.LTS/lib/</path>
         <kind>archive</kind>
         <file>rtsv7M4_T_le_v4SPD16_eabi.lib</file>
         <name>cpy_tbl.c.obj</name>
      </input_file>
      <input_file id="fl-f6">
         <path>/home/lucas/ti/ccsv8/tools/compiler/ti-cgt-arm_18.1.4.LTS/lib/</path>
         <kind>archive</kind>
         <file>rtsv7M4_T_le_v4SPD16_eabi.lib</file>
         <name>errno.c.obj</name>
      </input_file>
      <input_file id="fl-f7">
         <path>/home/lucas/ti/ccsv8/tools/compiler/ti-cgt-arm_18.1.4.LTS/lib/</path>
         <kind>archive</kind>
         <file>rtsv7M4_T_le_v4SPD16_eabi.lib</file>
         <name>_printfi.c.obj</name>
      </input_file>
      <input_file id="fl-f8">
         <path>/home/lucas/ti/ccsv8/tools/compiler/ti-cgt-arm_18.1.4.LTS/lib/</path>
         <kind>archive</kind>
         <file>rtsv7M4_T_le_v4SPD16_eabi.lib</file>
         <name>atoi.c.obj</name>
      </input_file>
      <input_file id="fl-f9">
         <path>/home/lucas/ti/ccsv8/tools/compiler/ti-cgt-arm_18.1.4.LTS/lib/</path>
         <kind>archive</kind>
         <file>rtsv7M4_T_le_v4SPD16_eabi.lib</file>
         <name>ctype.c.obj</name>
      </input_file>
      <input_file id="fl-fa">
         <path>/home/lucas/ti/ccsv8/tools/compiler/ti-cgt-arm_18.1.4.LTS/lib/</path>
         <kind>archive</kind>
         <file>rtsv7M4_T_le_v4SPD16_eabi.lib</file>
         <name>ltoa.c.obj</name>
      </input_file>
      <input_file id="fl-fb">
         <path>/home/lucas/ti/ccsv8/tools/compiler/ti-cgt-arm_18.1.4.LTS/lib/</path>
         <kind>archive</kind>
         <file>rtsv7M4_T_le_v4SPD16_eabi.lib</file>
         <name>memccpy.c.obj</name>
      </input_file>
      <input_file id="fl-fc">
         <path>/home/lucas/ti/ccsv8/tools/compiler/ti-cgt-arm_18.1.4.LTS/lib/</path>
         <kind>archive</kind>
         <file>rtsv7M4_T_le_v4SPD16_eabi.lib</file>
         <name>strchr.c.obj</name>
      </input_file>
      <input_file id="fl-fd">
         <path>/home/lucas/ti/ccsv8/tools/compiler/ti-cgt-arm_18.1.4.LTS/lib/</path>
         <kind>archive</kind>
         <file>rtsv7M4_T_le_v4SPD16_eabi.lib</file>
         <name>strlen.c.obj</name>
      </input_file>
      <input_file id="fl-fe">
         <path>/home/lucas/ti/ccsv8/tools/compiler/ti-cgt-arm_18.1.4.LTS/lib/</path>
         <kind>archive</kind>
         <file>rtsv7M4_T_le_v4SPD16_eabi.lib</file>
         <name>wcslen.c.obj</name>
      </input_file>
      <input_file id="fl-ff">
         <path>/home/lucas/ti/ccsv8/tools/compiler/ti-cgt-arm_18.1.4.LTS/lib/</path>
         <kind>archive</kind>
         <file>rtsv7M4_T_le_v4SPD16_eabi.lib</file>
         <name>s_copysign.c.obj</name>
      </input_file>
      <input_file id="fl-100">
         <path>/home/lucas/ti/ccsv8/tools/compiler/ti-cgt-arm_18.1.4.LTS/lib/</path>
         <kind>archive</kind>
         <file>rtsv7M4_T_le_v4SPD16_eabi.lib</file>
         <name>s_frexp.c.obj</name>
      </input_file>
      <input_file id="fl-101">
         <path>/home/lucas/ti/ccsv8/tools/compiler/ti-cgt-arm_18.1.4.LTS/lib/</path>
         <kind>archive</kind>
         <file>rtsv7M4_T_le_v4SPD16_eabi.lib</file>
         <name>i_tofd_t2.asm.obj</name>
      </input_file>
      <input_file id="fl-102">
         <path>/home/lucas/ti/ccsv8/tools/compiler/ti-cgt-arm_18.1.4.LTS/lib/</path>
         <kind>archive</kind>
         <file>rtsv7M4_T_le_v4SPD16_eabi.lib</file>
         <name>ull_div_t2.asm.obj</name>
      </input_file>
      <input_file id="fl-103">
         <path>/home/lucas/ti/ccsv8/tools/compiler/ti-cgt-arm_18.1.4.LTS/lib/</path>
         <kind>archive</kind>
         <file>rtsv7M4_T_le_v4SPD16_eabi.lib</file>
         <name>div0.asm.obj</name>
      </input_file>
   </input_file_list>
   <object_component_list>
      <object_component id="oc-23">
         <name>.intvecs:retain</name>
         <load_address>0x0</load_address>
         <run_address>0x0</run_address>
         <size>0xe4</size>
         <input_file_ref idref="fl-9"/>
      </object_component>
      <object_component id="oc-236">
         <name>.text</name>
         <load_address>0xe4</load_address>
         <run_address>0xe4</run_address>
         <size>0x159c</size>
         <input_file_ref idref="fl-12"/>
      </object_component>
      <object_component id="oc-23c">
         <name>.text</name>
         <load_address>0x1680</load_address>
         <run_address>0x1680</run_address>
         <size>0xd7c</size>
         <input_file_ref idref="fl-10"/>
      </object_component>
      <object_component id="oc-211">
         <name>.text:__TI_printfi</name>
         <load_address>0x23fc</load_address>
         <run_address>0x23fc</run_address>
         <size>0xa5e</size>
         <input_file_ref idref="fl-f7"/>
      </object_component>
      <object_component id="oc-3ed">
         <name>.text</name>
         <load_address>0x2e5a</load_address>
         <run_address>0x2e5a</run_address>
         <size>0x2</size>
         <input_file_ref idref="fl-103"/>
      </object_component>
      <object_component id="oc-da">
         <name>.text</name>
         <load_address>0x2e5c</load_address>
         <run_address>0x2e5c</run_address>
         <size>0x8d4</size>
         <input_file_ref idref="fl-b"/>
      </object_component>
      <object_component id="oc-eb">
         <name>.text</name>
         <load_address>0x3730</load_address>
         <run_address>0x3730</run_address>
         <size>0x798</size>
         <input_file_ref idref="fl-22"/>
      </object_component>
      <object_component id="oc-142">
         <name>.text</name>
         <load_address>0x3ec8</load_address>
         <run_address>0x3ec8</run_address>
         <size>0x480</size>
         <input_file_ref idref="fl-14"/>
      </object_component>
      <object_component id="oc-2a4">
         <name>.text:strtod</name>
         <load_address>0x4348</load_address>
         <run_address>0x4348</run_address>
         <size>0x460</size>
         <input_file_ref idref="fl-ee"/>
      </object_component>
      <object_component id="oc-12d">
         <name>.text</name>
         <load_address>0x47a8</load_address>
         <run_address>0x47a8</run_address>
         <size>0x41c</size>
         <input_file_ref idref="fl-23"/>
      </object_component>
      <object_component id="oc-e5">
         <name>.text</name>
         <load_address>0x4bc4</load_address>
         <run_address>0x4bc4</run_address>
         <size>0x3f0</size>
         <input_file_ref idref="fl-16"/>
      </object_component>
      <object_component id="oc-13c">
         <name>.text</name>
         <load_address>0x4fb4</load_address>
         <run_address>0x4fb4</run_address>
         <size>0x36c</size>
         <input_file_ref idref="fl-6"/>
      </object_component>
      <object_component id="oc-ba">
         <name>.text</name>
         <load_address>0x5320</load_address>
         <run_address>0x5320</run_address>
         <size>0x334</size>
         <input_file_ref idref="fl-a"/>
      </object_component>
      <object_component id="oc-6a">
         <name>.text</name>
         <load_address>0x5654</load_address>
         <run_address>0x5654</run_address>
         <size>0x31c</size>
         <input_file_ref idref="fl-8"/>
      </object_component>
      <object_component id="oc-82">
         <name>.text</name>
         <load_address>0x5970</load_address>
         <run_address>0x5970</run_address>
         <size>0x2e8</size>
         <input_file_ref idref="fl-4"/>
      </object_component>
      <object_component id="oc-70">
         <name>.text</name>
         <load_address>0x5c58</load_address>
         <run_address>0x5c58</run_address>
         <size>0x2d4</size>
         <input_file_ref idref="fl-3"/>
      </object_component>
      <object_component id="oc-76">
         <name>.text</name>
         <load_address>0x5f2c</load_address>
         <run_address>0x5f2c</run_address>
         <size>0x2bc</size>
         <input_file_ref idref="fl-2"/>
      </object_component>
      <object_component id="oc-2d7">
         <name>.text:_pconv_a</name>
         <load_address>0x61e8</load_address>
         <run_address>0x61e8</run_address>
         <size>0x270</size>
         <input_file_ref idref="fl-f7"/>
      </object_component>
      <object_component id="oc-22e">
         <name>.text</name>
         <load_address>0x6458</load_address>
         <run_address>0x6458</run_address>
         <size>0x244</size>
         <input_file_ref idref="fl-1f"/>
      </object_component>
      <object_component id="oc-2c5">
         <name>.text:_pconv_g</name>
         <load_address>0x669c</load_address>
         <run_address>0x669c</run_address>
         <size>0x1d0</size>
         <input_file_ref idref="fl-f7"/>
      </object_component>
      <object_component id="oc-d0">
         <name>.text</name>
         <load_address>0x686c</load_address>
         <run_address>0x686c</run_address>
         <size>0x1b6</size>
         <input_file_ref idref="fl-de"/>
      </object_component>
      <object_component id="oc-7c">
         <name>.text</name>
         <load_address>0x6a24</load_address>
         <run_address>0x6a24</run_address>
         <size>0x14c</size>
         <input_file_ref idref="fl-7"/>
      </object_component>
      <object_component id="oc-2d1">
         <name>.text:_pconv_e</name>
         <load_address>0x6b70</load_address>
         <run_address>0x6b70</run_address>
         <size>0x13c</size>
         <input_file_ref idref="fl-f7"/>
      </object_component>
      <object_component id="oc-cb">
         <name>.text</name>
         <load_address>0x6cac</load_address>
         <run_address>0x6cac</run_address>
         <size>0x136</size>
         <input_file_ref idref="fl-df"/>
      </object_component>
      <object_component id="oc-37d">
         <name>.text:fcvt</name>
         <load_address>0x6de4</load_address>
         <run_address>0x6de4</run_address>
         <size>0x124</size>
         <input_file_ref idref="fl-f7"/>
      </object_component>
      <object_component id="oc-344">
         <name>.text:scalbn</name>
         <load_address>0x6f08</load_address>
         <run_address>0x6f08</run_address>
         <size>0x110</size>
         <input_file_ref idref="fl-ef"/>
      </object_component>
      <object_component id="oc-c6">
         <name>.text</name>
         <load_address>0x7018</load_address>
         <run_address>0x7018</run_address>
         <size>0xfc</size>
         <input_file_ref idref="fl-e0"/>
      </object_component>
      <object_component id="oc-136">
         <name>.text</name>
         <load_address>0x7114</load_address>
         <run_address>0x7114</run_address>
         <size>0xd8</size>
         <input_file_ref idref="fl-24"/>
      </object_component>
      <object_component id="oc-2ba">
         <name>.text:_ltostr</name>
         <load_address>0x71ec</load_address>
         <run_address>0x71ec</run_address>
         <size>0xb1</size>
         <input_file_ref idref="fl-f7"/>
      </object_component>
      <object_component id="oc-112">
         <name>.text</name>
         <load_address>0x729e</load_address>
         <run_address>0x729e</run_address>
         <size>0xac</size>
         <input_file_ref idref="fl-5"/>
      </object_component>
      <object_component id="oc-34">
         <name>.text</name>
         <load_address>0x734a</load_address>
         <run_address>0x734a</run_address>
         <size>0x9c</size>
         <input_file_ref idref="fl-f1"/>
      </object_component>
      <object_component id="oc-359">
         <name>.text</name>
         <load_address>0x73e6</load_address>
         <run_address>0x73e6</run_address>
         <size>0x96</size>
         <input_file_ref idref="fl-102"/>
      </object_component>
      <object_component id="oc-2c0">
         <name>.text:__aeabi_cdcmple</name>
         <load_address>0x747c</load_address>
         <run_address>0x747c</run_address>
         <size>0x86</size>
         <input_file_ref idref="fl-f0"/>
      </object_component>
      <object_component id="oc-360">
         <name>.text:__aeabi_cdrcmple</name>
         <load_address>0x7502</load_address>
         <run_address>0x7502</run_address>
         <size>0x86</size>
         <input_file_ref idref="fl-f0"/>
      </object_component>
      <object_component id="oc-a2">
         <name>.text</name>
         <load_address>0x7588</load_address>
         <run_address>0x7588</run_address>
         <size>0x7a</size>
         <input_file_ref idref="fl-f2"/>
      </object_component>
      <object_component id="oc-376">
         <name>.text:_mcpy</name>
         <load_address>0x7602</load_address>
         <run_address>0x7602</run_address>
         <size>0x6e</size>
         <input_file_ref idref="fl-f7"/>
      </object_component>
      <object_component id="oc-d5">
         <name>.text</name>
         <load_address>0x7670</load_address>
         <run_address>0x7670</run_address>
         <size>0x6e</size>
         <input_file_ref idref="fl-e2"/>
      </object_component>
      <object_component id="oc-14">
         <name>.text:decompress:lzss:__TI_decompress_lzss</name>
         <load_address>0x76de</load_address>
         <run_address>0x76de</run_address>
         <size>0x68</size>
         <input_file_ref idref="fl-e7"/>
      </object_component>
      <object_component id="oc-38b">
         <name>.text:frexp</name>
         <load_address>0x7748</load_address>
         <run_address>0x7748</run_address>
         <size>0x64</size>
         <input_file_ref idref="fl-100"/>
      </object_component>
      <object_component id="oc-2cb">
         <name>.text:_pconv_f</name>
         <load_address>0x77ac</load_address>
         <run_address>0x77ac</run_address>
         <size>0x56</size>
         <input_file_ref idref="fl-f7"/>
      </object_component>
      <object_component id="oc-365">
         <name>.text:ltoa</name>
         <load_address>0x7802</load_address>
         <run_address>0x7802</run_address>
         <size>0x54</size>
         <input_file_ref idref="fl-fa"/>
      </object_component>
      <object_component id="oc-370">
         <name>.text:_ecpy</name>
         <load_address>0x7856</load_address>
         <run_address>0x7856</run_address>
         <size>0x52</size>
         <input_file_ref idref="fl-f7"/>
      </object_component>
      <object_component id="oc-2b4">
         <name>.text:atoi</name>
         <load_address>0x78a8</load_address>
         <run_address>0x78a8</run_address>
         <size>0x4c</size>
         <input_file_ref idref="fl-f8"/>
      </object_component>
      <object_component id="oc-118">
         <name>.text</name>
         <load_address>0x78f4</load_address>
         <run_address>0x78f4</run_address>
         <size>0x48</size>
         <input_file_ref idref="fl-e1"/>
      </object_component>
      <object_component id="oc-17e">
         <name>.text:__TI_auto_init_nobinit_nopinit:__TI_auto_init_nobinit_nopinit</name>
         <load_address>0x793c</load_address>
         <run_address>0x793c</run_address>
         <size>0x44</size>
         <input_file_ref idref="fl-f3"/>
      </object_component>
      <object_component id="oc-127">
         <name>.text:sprintf</name>
         <load_address>0x7980</load_address>
         <run_address>0x7980</run_address>
         <size>0x40</size>
         <input_file_ref idref="fl-ed"/>
      </object_component>
      <object_component id="oc-383">
         <name>.text:_fcpy</name>
         <load_address>0x79c0</load_address>
         <run_address>0x79c0</run_address>
         <size>0x3e</size>
         <input_file_ref idref="fl-f7"/>
      </object_component>
      <object_component id="oc-1bf">
         <name>.text</name>
         <load_address>0x79fe</load_address>
         <run_address>0x79fe</run_address>
         <size>0x3e</size>
         <input_file_ref idref="fl-e"/>
      </object_component>
      <object_component id="oc-52">
         <name>.text:_c_int00_noargs:_c_int00_noargs</name>
         <load_address>0x7a3c</load_address>
         <run_address>0x7a3c</run_address>
         <size>0x38</size>
         <input_file_ref idref="fl-e8"/>
      </object_component>
      <object_component id="oc-c1">
         <name>.text</name>
         <load_address>0x7a74</load_address>
         <run_address>0x7a74</run_address>
         <size>0x38</size>
         <input_file_ref idref="fl-e3"/>
      </object_component>
      <object_component id="oc-36b">
         <name>.text</name>
         <load_address>0x7aac</load_address>
         <run_address>0x7aac</run_address>
         <size>0x2e</size>
         <input_file_ref idref="fl-101"/>
      </object_component>
      <object_component id="oc-e0">
         <name>.text</name>
         <load_address>0x7ada</load_address>
         <run_address>0x7ada</run_address>
         <size>0x20</size>
         <input_file_ref idref="fl-e4"/>
      </object_component>
      <object_component id="oc-2dd">
         <name>.text:memccpy</name>
         <load_address>0x7afa</load_address>
         <run_address>0x7afa</run_address>
         <size>0x1c</size>
         <input_file_ref idref="fl-fb"/>
      </object_component>
      <object_component id="oc-217">
         <name>.text:_outs</name>
         <load_address>0x7b16</load_address>
         <run_address>0x7b16</run_address>
         <size>0x18</size>
         <input_file_ref idref="fl-ed"/>
      </object_component>
      <object_component id="oc-391">
         <name>.text:strchr</name>
         <load_address>0x7b2e</load_address>
         <run_address>0x7b2e</run_address>
         <size>0x16</size>
         <input_file_ref idref="fl-fc"/>
      </object_component>
      <object_component id="oc-3d5">
         <name>.text:copysign</name>
         <load_address>0x7b44</load_address>
         <run_address>0x7b44</run_address>
         <size>0x14</size>
         <input_file_ref idref="fl-ff"/>
      </object_component>
      <object_component id="oc-2ae">
         <name>.text:strlen</name>
         <load_address>0x7b58</load_address>
         <run_address>0x7b58</run_address>
         <size>0x14</size>
         <input_file_ref idref="fl-fd"/>
      </object_component>
      <object_component id="oc-204">
         <name>.text:atof</name>
         <load_address>0x7b6c</load_address>
         <run_address>0x7b6c</run_address>
         <size>0x12</size>
         <input_file_ref idref="fl-ec"/>
      </object_component>
      <object_component id="oc-40">
         <name>.text:decompress:ZI:__TI_zero_init_nomemset:__TI_zero_init_nomemset</name>
         <load_address>0x7b7e</load_address>
         <run_address>0x7b7e</run_address>
         <size>0x12</size>
         <input_file_ref idref="fl-e5"/>
      </object_component>
      <object_component id="oc-2e3">
         <name>.text:wcslen</name>
         <load_address>0x7b90</load_address>
         <run_address>0x7b90</run_address>
         <size>0x12</size>
         <input_file_ref idref="fl-fe"/>
      </object_component>
      <object_component id="oc-1a">
         <name>.text:decompress:none:__TI_decompress_none</name>
         <load_address>0x7ba2</load_address>
         <run_address>0x7ba2</run_address>
         <size>0xe</size>
         <input_file_ref idref="fl-e6"/>
      </object_component>
      <object_component id="oc-64">
         <name>.text</name>
         <load_address>0x7bb0</load_address>
         <run_address>0x7bb0</run_address>
         <size>0xe</size>
         <input_file_ref idref="fl-9"/>
      </object_component>
      <object_component id="oc-21d">
         <name>.text:_outc</name>
         <load_address>0x7bbe</load_address>
         <run_address>0x7bbe</run_address>
         <size>0xa</size>
         <input_file_ref idref="fl-ed"/>
      </object_component>
      <object_component id="oc-2e9">
         <name>.text:__aeabi_errno_addr</name>
         <load_address>0x7bc8</load_address>
         <run_address>0x7bc8</run_address>
         <size>0x8</size>
         <input_file_ref idref="fl-f6"/>
      </object_component>
      <object_component id="oc-a8">
         <name>.text:_system_pre_init</name>
         <load_address>0x7bd0</load_address>
         <run_address>0x7bd0</run_address>
         <size>0x4</size>
         <input_file_ref idref="fl-f4"/>
      </object_component>
      <object_component id="oc-172">
         <name>.text:abort:abort</name>
         <load_address>0x7bd4</load_address>
         <run_address>0x7bd4</run_address>
         <size>0x4</size>
         <input_file_ref idref="fl-e9"/>
      </object_component>
      <object_component id="oc-34a">
         <name>.const:.string:_ctypes_</name>
         <load_address>0x7bd8</load_address>
         <run_address>0x7bd8</run_address>
         <size>0x101</size>
         <input_file_ref idref="fl-f9"/>
      </object_component>
      <object_component id="oc-34d">
         <name>.const:$O1$$</name>
         <load_address>0x7ce0</load_address>
         <run_address>0x7ce0</run_address>
         <size>0xc8</size>
         <input_file_ref idref="fl-ee"/>
      </object_component>
      <object_component id="oc-1b9">
         <name>.const:_ctlRegs</name>
         <load_address>0x7da8</load_address>
         <run_address>0x7da8</run_address>
         <size>0x80</size>
         <input_file_ref idref="fl-b"/>
      </object_component>
      <object_component id="oc-1cb">
         <name>.const:g_pulRegs</name>
         <load_address>0x7e28</load_address>
         <run_address>0x7e28</run_address>
         <size>0x50</size>
         <input_file_ref idref="fl-16"/>
      </object_component>
      <object_component id="oc-254">
         <name>.const:uartConfig</name>
         <load_address>0x7e78</load_address>
         <run_address>0x7e78</run_address>
         <size>0x24</size>
         <input_file_ref idref="fl-6"/>
      </object_component>
      <object_component id="oc-1c8">
         <name>.const:g_pulPriority</name>
         <load_address>0x7e9c</load_address>
         <run_address>0x7e9c</run_address>
         <size>0x20</size>
         <input_file_ref idref="fl-16"/>
      </object_component>
      <object_component id="oc-104">
         <name>.const:lightAdc</name>
         <load_address>0x7ebc</load_address>
         <run_address>0x7ebc</run_address>
         <size>0x20</size>
         <input_file_ref idref="fl-6"/>
      </object_component>
      <object_component id="oc-25b">
         <name>.const:GPIO_PORT_TO_INT</name>
         <load_address>0x7edc</load_address>
         <run_address>0x7edc</run_address>
         <size>0x1c</size>
         <input_file_ref idref="fl-14"/>
      </object_component>
      <object_component id="oc-251">
         <name>.const:controlTimerConfig</name>
         <load_address>0x7ef8</load_address>
         <run_address>0x7ef8</run_address>
         <size>0x18</size>
         <input_file_ref idref="fl-6"/>
      </object_component>
      <object_component id="oc-242">
         <name>.const:pwmTimerConfig1</name>
         <load_address>0x7f10</load_address>
         <run_address>0x7f10</run_address>
         <size>0x18</size>
         <input_file_ref idref="fl-6"/>
      </object_component>
      <object_component id="oc-245">
         <name>.const:pwmTimerConfig2</name>
         <load_address>0x7f28</load_address>
         <run_address>0x7f28</run_address>
         <size>0x18</size>
         <input_file_ref idref="fl-6"/>
      </object_component>
      <object_component id="oc-248">
         <name>.const:pwmTimerConfig3</name>
         <load_address>0x7f40</load_address>
         <run_address>0x7f40</run_address>
         <size>0x18</size>
         <input_file_ref idref="fl-6"/>
      </object_component>
      <object_component id="oc-24b">
         <name>.const:pwmTimerConfig4</name>
         <load_address>0x7f58</load_address>
         <run_address>0x7f58</run_address>
         <size>0x18</size>
         <input_file_ref idref="fl-6"/>
      </object_component>
      <object_component id="oc-24e">
         <name>.const:sensorTimerConfig</name>
         <load_address>0x7f70</load_address>
         <run_address>0x7f70</run_address>
         <size>0x18</size>
         <input_file_ref idref="fl-6"/>
      </object_component>
      <object_component id="oc-fd">
         <name>.const:presAdc</name>
         <load_address>0x7f88</load_address>
         <run_address>0x7f88</run_address>
         <size>0x14</size>
         <input_file_ref idref="fl-6"/>
      </object_component>
      <object_component id="oc-1d1">
         <name>.const:g_pulDisRegs</name>
         <load_address>0x7f9c</load_address>
         <run_address>0x7f9c</run_address>
         <size>0x8</size>
         <input_file_ref idref="fl-16"/>
      </object_component>
      <object_component id="oc-1ce">
         <name>.const:g_pulEnRegs</name>
         <load_address>0x7fa4</load_address>
         <run_address>0x7fa4</run_address>
         <size>0x8</size>
         <input_file_ref idref="fl-16"/>
      </object_component>
      <object_component id="oc-1d4">
         <name>.const:g_pulPendRegs</name>
         <load_address>0x7fac</load_address>
         <run_address>0x7fac</run_address>
         <size>0x8</size>
         <input_file_ref idref="fl-16"/>
      </object_component>
      <object_component id="oc-1d7">
         <name>.const:g_pulUnpendRegs</name>
         <load_address>0x7fb4</load_address>
         <run_address>0x7fb4</run_address>
         <size>0x8</size>
         <input_file_ref idref="fl-16"/>
      </object_component>
      <object_component id="oc-452">
         <name>.cinit..data.load</name>
         <load_address>0x7fc0</load_address>
         <run_address>0x7fc0</run_address>
         <size>0xbe</size>
      </object_component>
      <object_component id="oc-44f">
         <name>__TI_handler_table</name>
         <load_address>0x8080</load_address>
         <run_address>0x8080</run_address>
         <size>0xc</size>
      </object_component>
      <object_component id="oc-453">
         <name>.cinit..bss.load</name>
         <load_address>0x8090</load_address>
         <run_address>0x8090</run_address>
         <size>0x8</size>
      </object_component>
      <object_component id="oc-451">
         <name>.cinit..vtable.load</name>
         <load_address>0x8098</load_address>
         <run_address>0x8098</run_address>
         <size>0x8</size>
      </object_component>
      <object_component id="oc-450">
         <name>__TI_cinit_table</name>
         <load_address>0x80a0</load_address>
         <run_address>0x80a0</run_address>
         <size>0x18</size>
      </object_component>
      <object_component id="oc-424">
         <name>.binit</name>
         <load_address>0x0</load_address>
         <run_address>0x0</run_address>
         <size>0x0</size>
      </object_component>
      <object_component id="oc-1c5">
         <name>.vtable</name>
         <uninitialized>true</uninitialized>
         <run_address>0x20000000</run_address>
         <size>0xe4</size>
         <input_file_ref idref="fl-16"/>
      </object_component>
      <object_component id="oc-133">
         <name>.data</name>
         <load_address>0x2000053c</load_address>
         <run_address>0x2000053c</run_address>
         <size>0x4</size>
         <input_file_ref idref="fl-2"/>
      </object_component>
      <object_component id="oc-122">
         <name>.data:errInt$1</name>
         <load_address>0x200004e0</load_address>
         <run_address>0x200004e0</run_address>
         <size>0x14</size>
         <input_file_ref idref="fl-3"/>
      </object_component>
      <object_component id="oc-123">
         <name>.data:errPrev$2</name>
         <load_address>0x200004f4</load_address>
         <run_address>0x200004f4</run_address>
         <size>0x14</size>
         <input_file_ref idref="fl-3"/>
      </object_component>
      <object_component id="oc-14e">
         <name>.data:encPins</name>
         <load_address>0x20000534</load_address>
         <run_address>0x20000534</run_address>
         <size>0x6</size>
         <input_file_ref idref="fl-6"/>
      </object_component>
      <object_component id="oc-f7">
         <name>.data:encCounts</name>
         <load_address>0x2000051c</load_address>
         <run_address>0x2000051c</run_address>
         <size>0x8</size>
         <input_file_ref idref="fl-6"/>
      </object_component>
      <object_component id="oc-151">
         <name>.data:prevEncState</name>
         <load_address>0x2000053a</load_address>
         <run_address>0x2000053a</run_address>
         <size>0x2</size>
         <input_file_ref idref="fl-6"/>
      </object_component>
      <object_component id="oc-101">
         <name>.data:lpfCoeffs</name>
         <load_address>0x2000041c</load_address>
         <run_address>0x2000041c</run_address>
         <size>0x54</size>
         <input_file_ref idref="fl-6"/>
      </object_component>
      <object_component id="oc-f1">
         <name>.data:theta1</name>
         <load_address>0x20000524</load_address>
         <run_address>0x20000524</run_address>
         <size>0x8</size>
         <input_file_ref idref="fl-6"/>
      </object_component>
      <object_component id="oc-f4">
         <name>.data:theta2</name>
         <load_address>0x2000052c</load_address>
         <run_address>0x2000052c</run_address>
         <size>0x8</size>
         <input_file_ref idref="fl-6"/>
      </object_component>
      <object_component id="oc-108">
         <name>.data</name>
         <load_address>0x20000508</load_address>
         <run_address>0x20000508</run_address>
         <size>0x14</size>
         <input_file_ref idref="fl-6"/>
      </object_component>
      <object_component id="oc-11d">
         <name>.data:textBuf</name>
         <load_address>0x20000354</load_address>
         <run_address>0x20000354</run_address>
         <size>0xc8</size>
         <input_file_ref idref="fl-6"/>
      </object_component>
      <object_component id="oc-1b0">
         <name>.data</name>
         <load_address>0x20000544</load_address>
         <run_address>0x20000544</run_address>
         <size>0x4</size>
         <input_file_ref idref="fl-a"/>
      </object_component>
      <object_component id="oc-305">
         <name>.data:__getBurstProgramRegs</name>
         <load_address>0x20000470</load_address>
         <run_address>0x20000470</run_address>
         <size>0x40</size>
         <input_file_ref idref="fl-12"/>
      </object_component>
      <object_component id="oc-258">
         <name>.data:GPIO_PORT_TO_BASE</name>
         <load_address>0x200004b0</load_address>
         <run_address>0x200004b0</run_address>
         <size>0x30</size>
         <input_file_ref idref="fl-14"/>
      </object_component>
      <object_component id="oc-3a1">
         <name>.data</name>
         <load_address>0x20000540</load_address>
         <run_address>0x20000540</run_address>
         <size>0x4</size>
         <input_file_ref idref="fl-f6"/>
      </object_component>
      <object_component id="oc-30a">
         <name>.bss</name>
         <uninitialized>true</uninitialized>
         <run_address>0x2000034c</run_address>
         <size>0x8</size>
         <input_file_ref idref="fl-10"/>
      </object_component>
      <object_component id="oc-124">
         <name>.common:debugVar</name>
         <uninitialized>true</uninitialized>
         <run_address>0x20000320</run_address>
         <size>0x18</size>
      </object_component>
      <object_component id="oc-fa">
         <name>.common:pres</name>
         <uninitialized>true</uninitialized>
         <run_address>0x200000e4</run_address>
         <size>0x1a4</size>
      </object_component>
      <object_component id="oc-100">
         <name>.common:presFilt</name>
         <uninitialized>true</uninitialized>
         <run_address>0x200002d8</run_address>
         <size>0x28</size>
      </object_component>
      <object_component id="oc-107">
         <name>.common:light</name>
         <uninitialized>true</uninitialized>
         <run_address>0x20000300</run_address>
         <size>0x20</size>
      </object_component>
      <object_component id="oc-121">
         <name>.common:kPid</name>
         <uninitialized>true</uninitialized>
         <run_address>0x20000288</run_address>
         <size>0x50</size>
      </object_component>
      <object_component id="oc-120">
         <name>.common:presDes</name>
         <uninitialized>true</uninitialized>
         <run_address>0x20000338</run_address>
         <size>0x14</size>
      </object_component>
      <object_component id="oc-26">
         <name>.stack</name>
         <uninitialized>true</uninitialized>
         <run_address>0x2000fe00</run_address>
         <size>0x4</size>
         <input_file_ref idref="fl-e8"/>
      </object_component>
      <object_component id="oc-454">
         <name>.stack</name>
         <uninitialized>true</uninitialized>
         <run_address>0x2000fe00</run_address>
         <size>0x0</size>
      </object_component>
      <object_component id="oc-135">
         <name>.debug_info</name>
         <load_address>0x0</load_address>
         <run_address>0x0</run_address>
         <size>0x805</size>
         <input_file_ref idref="fl-2"/>
      </object_component>
      <object_component id="oc-77">
         <name>.debug_info</name>
         <load_address>0x805</load_address>
         <run_address>0x805</run_address>
         <size>0x35b</size>
         <input_file_ref idref="fl-2"/>
      </object_component>
      <object_component id="oc-15d">
         <name>.debug_info</name>
         <load_address>0xb60</load_address>
         <run_address>0xb60</run_address>
         <size>0x26b</size>
         <input_file_ref idref="fl-2"/>
      </object_component>
      <object_component id="oc-1eb">
         <name>.debug_info</name>
         <load_address>0xdcb</load_address>
         <run_address>0xdcb</run_address>
         <size>0x1055</size>
         <input_file_ref idref="fl-2"/>
      </object_component>
      <object_component id="oc-1e6">
         <name>.debug_info</name>
         <load_address>0x1e20</load_address>
         <run_address>0x1e20</run_address>
         <size>0x37e2</size>
         <input_file_ref idref="fl-2"/>
      </object_component>
      <object_component id="oc-3bd">
         <name>.debug_info</name>
         <load_address>0x5602</load_address>
         <run_address>0x5602</run_address>
         <size>0x1b5</size>
         <input_file_ref idref="fl-2"/>
      </object_component>
      <object_component id="oc-1f0">
         <name>.debug_info</name>
         <load_address>0x57b7</load_address>
         <run_address>0x57b7</run_address>
         <size>0x341</size>
         <input_file_ref idref="fl-2"/>
      </object_component>
      <object_component id="oc-10c">
         <name>.debug_info</name>
         <load_address>0x5af8</load_address>
         <run_address>0x5af8</run_address>
         <size>0x8b</size>
         <input_file_ref idref="fl-2"/>
      </object_component>
      <object_component id="oc-260">
         <name>.debug_info</name>
         <load_address>0x5b83</load_address>
         <run_address>0x5b83</run_address>
         <size>0x297</size>
         <input_file_ref idref="fl-2"/>
      </object_component>
      <object_component id="oc-149">
         <name>.debug_info</name>
         <load_address>0x5e1a</load_address>
         <run_address>0x5e1a</run_address>
         <size>0xef</size>
         <input_file_ref idref="fl-2"/>
      </object_component>
      <object_component id="oc-156">
         <name>.debug_info</name>
         <load_address>0x5f09</load_address>
         <run_address>0x5f09</run_address>
         <size>0xbb</size>
         <input_file_ref idref="fl-2"/>
      </object_component>
      <object_component id="oc-225">
         <name>.debug_info</name>
         <load_address>0x5fc4</load_address>
         <run_address>0x5fc4</run_address>
         <size>0x2c</size>
         <input_file_ref idref="fl-2"/>
      </object_component>
      <object_component id="oc-1f5">
         <name>.debug_info</name>
         <load_address>0x5ff0</load_address>
         <run_address>0x5ff0</run_address>
         <size>0xee</size>
         <input_file_ref idref="fl-2"/>
      </object_component>
      <object_component id="oc-126">
         <name>.debug_info</name>
         <load_address>0x60de</load_address>
         <run_address>0x60de</run_address>
         <size>0x7d4</size>
         <input_file_ref idref="fl-3"/>
      </object_component>
      <object_component id="oc-71">
         <name>.debug_info</name>
         <load_address>0x68b2</load_address>
         <run_address>0x68b2</run_address>
         <size>0x36c</size>
         <input_file_ref idref="fl-3"/>
      </object_component>
      <object_component id="oc-155">
         <name>.debug_info</name>
         <load_address>0x6c1e</load_address>
         <run_address>0x6c1e</run_address>
         <size>0x842</size>
         <input_file_ref idref="fl-4"/>
      </object_component>
      <object_component id="oc-83">
         <name>.debug_info</name>
         <load_address>0x7460</load_address>
         <run_address>0x7460</run_address>
         <size>0x46f</size>
         <input_file_ref idref="fl-4"/>
      </object_component>
      <object_component id="oc-20b">
         <name>.debug_info</name>
         <load_address>0x78cf</load_address>
         <run_address>0x78cf</run_address>
         <size>0x5c7</size>
         <input_file_ref idref="fl-5"/>
      </object_component>
      <object_component id="oc-113">
         <name>.debug_info</name>
         <load_address>0x7e96</load_address>
         <run_address>0x7e96</run_address>
         <size>0x299</size>
         <input_file_ref idref="fl-5"/>
      </object_component>
      <object_component id="oc-2f">
         <name>.debug_info</name>
         <load_address>0x812f</load_address>
         <run_address>0x812f</run_address>
         <size>0x84</size>
         <input_file_ref idref="fl-5"/>
      </object_component>
      <object_component id="oc-fb">
         <name>.debug_info</name>
         <load_address>0x81b3</load_address>
         <run_address>0x81b3</run_address>
         <size>0xf35</size>
         <input_file_ref idref="fl-6"/>
      </object_component>
      <object_component id="oc-14f">
         <name>.debug_info</name>
         <load_address>0x90e8</load_address>
         <run_address>0x90e8</run_address>
         <size>0xe5</size>
         <input_file_ref idref="fl-6"/>
      </object_component>
      <object_component id="oc-f8">
         <name>.debug_info</name>
         <load_address>0x91cd</load_address>
         <run_address>0x91cd</run_address>
         <size>0xe9</size>
         <input_file_ref idref="fl-6"/>
      </object_component>
      <object_component id="oc-152">
         <name>.debug_info</name>
         <load_address>0x92b6</load_address>
         <run_address>0x92b6</run_address>
         <size>0xef</size>
         <input_file_ref idref="fl-6"/>
      </object_component>
      <object_component id="oc-102">
         <name>.debug_info</name>
         <load_address>0x93a5</load_address>
         <run_address>0x93a5</run_address>
         <size>0xe9</size>
         <input_file_ref idref="fl-6"/>
      </object_component>
      <object_component id="oc-fe">
         <name>.debug_info</name>
         <load_address>0x948e</load_address>
         <run_address>0x948e</run_address>
         <size>0xe5</size>
         <input_file_ref idref="fl-6"/>
      </object_component>
      <object_component id="oc-105">
         <name>.debug_info</name>
         <load_address>0x9573</load_address>
         <run_address>0x9573</run_address>
         <size>0xe7</size>
         <input_file_ref idref="fl-6"/>
      </object_component>
      <object_component id="oc-f2">
         <name>.debug_info</name>
         <load_address>0x965a</load_address>
         <run_address>0x965a</run_address>
         <size>0xe3</size>
         <input_file_ref idref="fl-6"/>
      </object_component>
      <object_component id="oc-f5">
         <name>.debug_info</name>
         <load_address>0x973d</load_address>
         <run_address>0x973d</run_address>
         <size>0xe3</size>
         <input_file_ref idref="fl-6"/>
      </object_component>
      <object_component id="oc-109">
         <name>.debug_info</name>
         <load_address>0x9820</load_address>
         <run_address>0x9820</run_address>
         <size>0x19d</size>
         <input_file_ref idref="fl-6"/>
      </object_component>
      <object_component id="oc-11e">
         <name>.debug_info</name>
         <load_address>0x99bd</load_address>
         <run_address>0x99bd</run_address>
         <size>0xe5</size>
         <input_file_ref idref="fl-6"/>
      </object_component>
      <object_component id="oc-243">
         <name>.debug_info</name>
         <load_address>0x9aa2</load_address>
         <run_address>0x9aa2</run_address>
         <size>0xf5</size>
         <input_file_ref idref="fl-6"/>
      </object_component>
      <object_component id="oc-246">
         <name>.debug_info</name>
         <load_address>0x9b97</load_address>
         <run_address>0x9b97</run_address>
         <size>0xf5</size>
         <input_file_ref idref="fl-6"/>
      </object_component>
      <object_component id="oc-249">
         <name>.debug_info</name>
         <load_address>0x9c8c</load_address>
         <run_address>0x9c8c</run_address>
         <size>0xf5</size>
         <input_file_ref idref="fl-6"/>
      </object_component>
      <object_component id="oc-24c">
         <name>.debug_info</name>
         <load_address>0x9d81</load_address>
         <run_address>0x9d81</run_address>
         <size>0xf5</size>
         <input_file_ref idref="fl-6"/>
      </object_component>
      <object_component id="oc-24f">
         <name>.debug_info</name>
         <load_address>0x9e76</load_address>
         <run_address>0x9e76</run_address>
         <size>0xf9</size>
         <input_file_ref idref="fl-6"/>
      </object_component>
      <object_component id="oc-252">
         <name>.debug_info</name>
         <load_address>0x9f6f</load_address>
         <run_address>0x9f6f</run_address>
         <size>0xfb</size>
         <input_file_ref idref="fl-6"/>
      </object_component>
      <object_component id="oc-255">
         <name>.debug_info</name>
         <load_address>0xa06a</load_address>
         <run_address>0xa06a</run_address>
         <size>0xeb</size>
         <input_file_ref idref="fl-6"/>
      </object_component>
      <object_component id="oc-13d">
         <name>.debug_info</name>
         <load_address>0xa155</load_address>
         <run_address>0xa155</run_address>
         <size>0xfd2</size>
         <input_file_ref idref="fl-6"/>
      </object_component>
      <object_component id="oc-7d">
         <name>.debug_info</name>
         <load_address>0xb127</load_address>
         <run_address>0xb127</run_address>
         <size>0x487</size>
         <input_file_ref idref="fl-7"/>
      </object_component>
      <object_component id="oc-111">
         <name>.debug_info</name>
         <load_address>0xb5ae</load_address>
         <run_address>0xb5ae</run_address>
         <size>0x85a</size>
         <input_file_ref idref="fl-8"/>
      </object_component>
      <object_component id="oc-6b">
         <name>.debug_info</name>
         <load_address>0xbe08</load_address>
         <run_address>0xbe08</run_address>
         <size>0x412</size>
         <input_file_ref idref="fl-8"/>
      </object_component>
      <object_component id="oc-8a">
         <name>.debug_info</name>
         <load_address>0xc21a</load_address>
         <run_address>0xc21a</run_address>
         <size>0x2d4</size>
         <input_file_ref idref="fl-9"/>
      </object_component>
      <object_component id="oc-24">
         <name>.debug_info</name>
         <load_address>0xc4ee</load_address>
         <run_address>0xc4ee</run_address>
         <size>0x100</size>
         <input_file_ref idref="fl-9"/>
      </object_component>
      <object_component id="oc-65">
         <name>.debug_info</name>
         <load_address>0xc5ee</load_address>
         <run_address>0xc5ee</run_address>
         <size>0x1c7</size>
         <input_file_ref idref="fl-9"/>
      </object_component>
      <object_component id="oc-1b1">
         <name>.debug_info</name>
         <load_address>0xc7b5</load_address>
         <run_address>0xc7b5</run_address>
         <size>0xf9</size>
         <input_file_ref idref="fl-a"/>
      </object_component>
      <object_component id="oc-bb">
         <name>.debug_info</name>
         <load_address>0xc8ae</load_address>
         <run_address>0xc8ae</run_address>
         <size>0x26b</size>
         <input_file_ref idref="fl-a"/>
      </object_component>
      <object_component id="oc-1bd">
         <name>.debug_info</name>
         <load_address>0xcb19</load_address>
         <run_address>0xcb19</run_address>
         <size>0x69c</size>
         <input_file_ref idref="fl-b"/>
      </object_component>
      <object_component id="oc-1ba">
         <name>.debug_info</name>
         <load_address>0xd1b5</load_address>
         <run_address>0xd1b5</run_address>
         <size>0xf2</size>
         <input_file_ref idref="fl-b"/>
      </object_component>
      <object_component id="oc-db">
         <name>.debug_info</name>
         <load_address>0xd2a7</load_address>
         <run_address>0xd2a7</run_address>
         <size>0x2303</size>
         <input_file_ref idref="fl-b"/>
      </object_component>
      <object_component id="oc-1c0">
         <name>.debug_info</name>
         <load_address>0xf5aa</load_address>
         <run_address>0xf5aa</run_address>
         <size>0x3cf</size>
         <input_file_ref idref="fl-e"/>
      </object_component>
      <object_component id="oc-30e">
         <name>.debug_info</name>
         <load_address>0xf979</load_address>
         <run_address>0xf979</run_address>
         <size>0x78e</size>
         <input_file_ref idref="fl-10"/>
      </object_component>
      <object_component id="oc-30b">
         <name>.debug_info</name>
         <load_address>0x10107</load_address>
         <run_address>0x10107</run_address>
         <size>0x10f</size>
         <input_file_ref idref="fl-10"/>
      </object_component>
      <object_component id="oc-23d">
         <name>.debug_info</name>
         <load_address>0x10216</load_address>
         <run_address>0x10216</run_address>
         <size>0x22e9</size>
         <input_file_ref idref="fl-10"/>
      </object_component>
      <object_component id="oc-309">
         <name>.debug_info</name>
         <load_address>0x124ff</load_address>
         <run_address>0x124ff</run_address>
         <size>0x7ac</size>
         <input_file_ref idref="fl-12"/>
      </object_component>
      <object_component id="oc-306">
         <name>.debug_info</name>
         <load_address>0x12cab</load_address>
         <run_address>0x12cab</run_address>
         <size>0x10c</size>
         <input_file_ref idref="fl-12"/>
      </object_component>
      <object_component id="oc-237">
         <name>.debug_info</name>
         <load_address>0x12db7</load_address>
         <run_address>0x12db7</run_address>
         <size>0x3bde</size>
         <input_file_ref idref="fl-12"/>
      </object_component>
      <object_component id="oc-25f">
         <name>.debug_info</name>
         <load_address>0x16995</load_address>
         <run_address>0x16995</run_address>
         <size>0x697</size>
         <input_file_ref idref="fl-14"/>
      </object_component>
      <object_component id="oc-25c">
         <name>.debug_info</name>
         <load_address>0x1702c</load_address>
         <run_address>0x1702c</run_address>
         <size>0x101</size>
         <input_file_ref idref="fl-14"/>
      </object_component>
      <object_component id="oc-259">
         <name>.debug_info</name>
         <load_address>0x1712d</load_address>
         <run_address>0x1712d</run_address>
         <size>0x103</size>
         <input_file_ref idref="fl-14"/>
      </object_component>
      <object_component id="oc-143">
         <name>.debug_info</name>
         <load_address>0x17230</load_address>
         <run_address>0x17230</run_address>
         <size>0x1a04</size>
         <input_file_ref idref="fl-14"/>
      </object_component>
      <object_component id="oc-1db">
         <name>.debug_info</name>
         <load_address>0x18c34</load_address>
         <run_address>0x18c34</run_address>
         <size>0x625</size>
         <input_file_ref idref="fl-16"/>
      </object_component>
      <object_component id="oc-1c9">
         <name>.debug_info</name>
         <load_address>0x19259</load_address>
         <run_address>0x19259</run_address>
         <size>0x100</size>
         <input_file_ref idref="fl-16"/>
      </object_component>
      <object_component id="oc-1cc">
         <name>.debug_info</name>
         <load_address>0x19359</load_address>
         <run_address>0x19359</run_address>
         <size>0xf8</size>
         <input_file_ref idref="fl-16"/>
      </object_component>
      <object_component id="oc-1cf">
         <name>.debug_info</name>
         <load_address>0x19451</load_address>
         <run_address>0x19451</run_address>
         <size>0xfc</size>
         <input_file_ref idref="fl-16"/>
      </object_component>
      <object_component id="oc-1d2">
         <name>.debug_info</name>
         <load_address>0x1954d</load_address>
         <run_address>0x1954d</run_address>
         <size>0xfe</size>
         <input_file_ref idref="fl-16"/>
      </object_component>
      <object_component id="oc-1d5">
         <name>.debug_info</name>
         <load_address>0x1964b</load_address>
         <run_address>0x1964b</run_address>
         <size>0x100</size>
         <input_file_ref idref="fl-16"/>
      </object_component>
      <object_component id="oc-1d8">
         <name>.debug_info</name>
         <load_address>0x1974b</load_address>
         <run_address>0x1974b</run_address>
         <size>0x104</size>
         <input_file_ref idref="fl-16"/>
      </object_component>
      <object_component id="oc-1c6">
         <name>.debug_info</name>
         <load_address>0x1984f</load_address>
         <run_address>0x1984f</run_address>
         <size>0x105</size>
         <input_file_ref idref="fl-16"/>
      </object_component>
      <object_component id="oc-e6">
         <name>.debug_info</name>
         <load_address>0x19954</load_address>
         <run_address>0x19954</run_address>
         <size>0x11a8</size>
         <input_file_ref idref="fl-16"/>
      </object_component>
      <object_component id="oc-302">
         <name>.debug_info</name>
         <load_address>0x1aafc</load_address>
         <run_address>0x1aafc</run_address>
         <size>0x55d</size>
         <input_file_ref idref="fl-1f"/>
      </object_component>
      <object_component id="oc-22f">
         <name>.debug_info</name>
         <load_address>0x1b059</load_address>
         <run_address>0x1b059</run_address>
         <size>0xea7</size>
         <input_file_ref idref="fl-1f"/>
      </object_component>
      <object_component id="oc-1dd">
         <name>.debug_info</name>
         <load_address>0x1bf00</load_address>
         <run_address>0x1bf00</run_address>
         <size>0x6bb</size>
         <input_file_ref idref="fl-22"/>
      </object_component>
      <object_component id="oc-ec">
         <name>.debug_info</name>
         <load_address>0x1c5bb</load_address>
         <run_address>0x1c5bb</run_address>
         <size>0x24ad</size>
         <input_file_ref idref="fl-22"/>
      </object_component>
      <object_component id="oc-22b">
         <name>.debug_info</name>
         <load_address>0x1ea68</load_address>
         <run_address>0x1ea68</run_address>
         <size>0x681</size>
         <input_file_ref idref="fl-23"/>
      </object_component>
      <object_component id="oc-12e">
         <name>.debug_info</name>
         <load_address>0x1f0e9</load_address>
         <run_address>0x1f0e9</run_address>
         <size>0x1626</size>
         <input_file_ref idref="fl-23"/>
      </object_component>
      <object_component id="oc-235">
         <name>.debug_info</name>
         <load_address>0x2070f</load_address>
         <run_address>0x2070f</run_address>
         <size>0x725</size>
         <input_file_ref idref="fl-24"/>
      </object_component>
      <object_component id="oc-137">
         <name>.debug_info</name>
         <load_address>0x20e34</load_address>
         <run_address>0x20e34</run_address>
         <size>0x8b7</size>
         <input_file_ref idref="fl-24"/>
      </object_component>
      <object_component id="oc-d1">
         <name>.debug_info</name>
         <load_address>0x216eb</load_address>
         <run_address>0x216eb</run_address>
         <size>0x14f</size>
         <input_file_ref idref="fl-de"/>
      </object_component>
      <object_component id="oc-cd">
         <name>.debug_info</name>
         <load_address>0x2183a</load_address>
         <run_address>0x2183a</run_address>
         <size>0x13d</size>
         <input_file_ref idref="fl-df"/>
      </object_component>
      <object_component id="oc-c7">
         <name>.debug_info</name>
         <load_address>0x21977</load_address>
         <run_address>0x21977</run_address>
         <size>0x13d</size>
         <input_file_ref idref="fl-e0"/>
      </object_component>
      <object_component id="oc-119">
         <name>.debug_info</name>
         <load_address>0x21ab4</load_address>
         <run_address>0x21ab4</run_address>
         <size>0x131</size>
         <input_file_ref idref="fl-e1"/>
      </object_component>
      <object_component id="oc-d6">
         <name>.debug_info</name>
         <load_address>0x21be5</load_address>
         <run_address>0x21be5</run_address>
         <size>0x141</size>
         <input_file_ref idref="fl-e2"/>
      </object_component>
      <object_component id="oc-c2">
         <name>.debug_info</name>
         <load_address>0x21d26</load_address>
         <run_address>0x21d26</run_address>
         <size>0x12f</size>
         <input_file_ref idref="fl-e3"/>
      </object_component>
      <object_component id="oc-e1">
         <name>.debug_info</name>
         <load_address>0x21e55</load_address>
         <run_address>0x21e55</run_address>
         <size>0x131</size>
         <input_file_ref idref="fl-e4"/>
      </object_component>
      <object_component id="oc-a1">
         <name>.debug_info</name>
         <load_address>0x21f86</load_address>
         <run_address>0x21f86</run_address>
         <size>0x31e</size>
         <input_file_ref idref="fl-e5"/>
      </object_component>
      <object_component id="oc-41">
         <name>.debug_info</name>
         <load_address>0x222a4</load_address>
         <run_address>0x222a4</run_address>
         <size>0x1bf</size>
         <input_file_ref idref="fl-e5"/>
      </object_component>
      <object_component id="oc-9c">
         <name>.debug_info</name>
         <load_address>0x22463</load_address>
         <run_address>0x22463</run_address>
         <size>0x46</size>
         <input_file_ref idref="fl-e5"/>
      </object_component>
      <object_component id="oc-169">
         <name>.debug_info</name>
         <load_address>0x224a9</load_address>
         <run_address>0x224a9</run_address>
         <size>0x2c</size>
         <input_file_ref idref="fl-e5"/>
      </object_component>
      <object_component id="oc-3f">
         <name>.debug_info</name>
         <load_address>0x224d5</load_address>
         <run_address>0x224d5</run_address>
         <size>0x2a8</size>
         <input_file_ref idref="fl-e6"/>
      </object_component>
      <object_component id="oc-1b">
         <name>.debug_info</name>
         <load_address>0x2277d</load_address>
         <run_address>0x2277d</run_address>
         <size>0x1ea</size>
         <input_file_ref idref="fl-e6"/>
      </object_component>
      <object_component id="oc-3a">
         <name>.debug_info</name>
         <load_address>0x22967</load_address>
         <run_address>0x22967</run_address>
         <size>0x46</size>
         <input_file_ref idref="fl-e6"/>
      </object_component>
      <object_component id="oc-94">
         <name>.debug_info</name>
         <load_address>0x229ad</load_address>
         <run_address>0x229ad</run_address>
         <size>0x2c</size>
         <input_file_ref idref="fl-e6"/>
      </object_component>
      <object_component id="oc-92">
         <name>.debug_info</name>
         <load_address>0x229d9</load_address>
         <run_address>0x229d9</run_address>
         <size>0x29e</size>
         <input_file_ref idref="fl-e7"/>
      </object_component>
      <object_component id="oc-15">
         <name>.debug_info</name>
         <load_address>0x22c77</load_address>
         <run_address>0x22c77</run_address>
         <size>0x250</size>
         <input_file_ref idref="fl-e7"/>
      </object_component>
      <object_component id="oc-2a">
         <name>.debug_info</name>
         <load_address>0x22ec7</load_address>
         <run_address>0x22ec7</run_address>
         <size>0x60</size>
         <input_file_ref idref="fl-e7"/>
      </object_component>
      <object_component id="oc-162">
         <name>.debug_info</name>
         <load_address>0x22f27</load_address>
         <run_address>0x22f27</run_address>
         <size>0x46</size>
         <input_file_ref idref="fl-e7"/>
      </object_component>
      <object_component id="oc-8d">
         <name>.debug_info</name>
         <load_address>0x22f6d</load_address>
         <run_address>0x22f6d</run_address>
         <size>0x39</size>
         <input_file_ref idref="fl-e7"/>
      </object_component>
      <object_component id="oc-27">
         <name>.debug_info</name>
         <load_address>0x22fa6</load_address>
         <run_address>0x22fa6</run_address>
         <size>0x10b</size>
         <input_file_ref idref="fl-e8"/>
      </object_component>
      <object_component id="oc-53">
         <name>.debug_info</name>
         <load_address>0x230b1</load_address>
         <run_address>0x230b1</run_address>
         <size>0x1af</size>
         <input_file_ref idref="fl-e8"/>
      </object_component>
      <object_component id="oc-173">
         <name>.debug_info</name>
         <load_address>0x23260</load_address>
         <run_address>0x23260</run_address>
         <size>0x122</size>
         <input_file_ref idref="fl-e9"/>
      </object_component>
      <object_component id="oc-2ab">
         <name>.debug_info</name>
         <load_address>0x23382</load_address>
         <run_address>0x23382</run_address>
         <size>0x2c5</size>
         <input_file_ref idref="fl-ec"/>
      </object_component>
      <object_component id="oc-205">
         <name>.debug_info</name>
         <load_address>0x23647</load_address>
         <run_address>0x23647</run_address>
         <size>0x149</size>
         <input_file_ref idref="fl-ec"/>
      </object_component>
      <object_component id="oc-224">
         <name>.debug_info</name>
         <load_address>0x23790</load_address>
         <run_address>0x23790</run_address>
         <size>0x333</size>
         <input_file_ref idref="fl-ed"/>
      </object_component>
      <object_component id="oc-128">
         <name>.debug_info</name>
         <load_address>0x23ac3</load_address>
         <run_address>0x23ac3</run_address>
         <size>0x1d1</size>
         <input_file_ref idref="fl-ed"/>
      </object_component>
      <object_component id="oc-218">
         <name>.debug_info</name>
         <load_address>0x23c94</load_address>
         <run_address>0x23c94</run_address>
         <size>0x18d</size>
         <input_file_ref idref="fl-ed"/>
      </object_component>
      <object_component id="oc-21e">
         <name>.debug_info</name>
         <load_address>0x23e21</load_address>
         <run_address>0x23e21</run_address>
         <size>0x16d</size>
         <input_file_ref idref="fl-ed"/>
      </object_component>
      <object_component id="oc-3a8">
         <name>.debug_info</name>
         <load_address>0x23f8e</load_address>
         <run_address>0x23f8e</run_address>
         <size>0x2c</size>
         <input_file_ref idref="fl-ed"/>
      </object_component>
      <object_component id="oc-351">
         <name>.debug_info</name>
         <load_address>0x23fba</load_address>
         <run_address>0x23fba</run_address>
         <size>0x3da</size>
         <input_file_ref idref="fl-ee"/>
      </object_component>
      <object_component id="oc-34e">
         <name>.debug_info</name>
         <load_address>0x24394</load_address>
         <run_address>0x24394</run_address>
         <size>0x123</size>
         <input_file_ref idref="fl-ee"/>
      </object_component>
      <object_component id="oc-2a5">
         <name>.debug_info</name>
         <load_address>0x244b7</load_address>
         <run_address>0x244b7</run_address>
         <size>0x4e0</size>
         <input_file_ref idref="fl-ee"/>
      </object_component>
      <object_component id="oc-3dc">
         <name>.debug_info</name>
         <load_address>0x24997</load_address>
         <run_address>0x24997</run_address>
         <size>0x2fd</size>
         <input_file_ref idref="fl-ef"/>
      </object_component>
      <object_component id="oc-345">
         <name>.debug_info</name>
         <load_address>0x24c94</load_address>
         <run_address>0x24c94</run_address>
         <size>0x225</size>
         <input_file_ref idref="fl-ef"/>
      </object_component>
      <object_component id="oc-414">
         <name>.debug_info</name>
         <load_address>0x24eb9</load_address>
         <run_address>0x24eb9</run_address>
         <size>0x39</size>
         <input_file_ref idref="fl-ef"/>
      </object_component>
      <object_component id="oc-3dd">
         <name>.debug_info</name>
         <load_address>0x24ef2</load_address>
         <run_address>0x24ef2</run_address>
         <size>0x2c</size>
         <input_file_ref idref="fl-ef"/>
      </object_component>
      <object_component id="oc-2c1">
         <name>.debug_info</name>
         <load_address>0x24f1e</load_address>
         <run_address>0x24f1e</run_address>
         <size>0x12b</size>
         <input_file_ref idref="fl-f0"/>
      </object_component>
      <object_component id="oc-361">
         <name>.debug_info</name>
         <load_address>0x25049</load_address>
         <run_address>0x25049</run_address>
         <size>0x12d</size>
         <input_file_ref idref="fl-f0"/>
      </object_component>
      <object_component id="oc-35">
         <name>.debug_info</name>
         <load_address>0x25176</load_address>
         <run_address>0x25176</run_address>
         <size>0x11c</size>
         <input_file_ref idref="fl-f1"/>
      </object_component>
      <object_component id="oc-a4">
         <name>.debug_info</name>
         <load_address>0x25292</load_address>
         <run_address>0x25292</run_address>
         <size>0x14a</size>
         <input_file_ref idref="fl-f2"/>
      </object_component>
      <object_component id="oc-276">
         <name>.debug_info</name>
         <load_address>0x253dc</load_address>
         <run_address>0x253dc</run_address>
         <size>0x552</size>
         <input_file_ref idref="fl-f3"/>
      </object_component>
      <object_component id="oc-17f">
         <name>.debug_info</name>
         <load_address>0x2592e</load_address>
         <run_address>0x2592e</run_address>
         <size>0x1a6</size>
         <input_file_ref idref="fl-f3"/>
      </object_component>
      <object_component id="oc-333">
         <name>.debug_info</name>
         <load_address>0x25ad4</load_address>
         <run_address>0x25ad4</run_address>
         <size>0x39</size>
         <input_file_ref idref="fl-f3"/>
      </object_component>
      <object_component id="oc-3c9">
         <name>.debug_info</name>
         <load_address>0x25b0d</load_address>
         <run_address>0x25b0d</run_address>
         <size>0x39</size>
         <input_file_ref idref="fl-f3"/>
      </object_component>
      <object_component id="oc-338">
         <name>.debug_info</name>
         <load_address>0x25b46</load_address>
         <run_address>0x25b46</run_address>
         <size>0x39</size>
         <input_file_ref idref="fl-f3"/>
      </object_component>
      <object_component id="oc-33d">
         <name>.debug_info</name>
         <load_address>0x25b7f</load_address>
         <run_address>0x25b7f</run_address>
         <size>0xcd</size>
         <input_file_ref idref="fl-f3"/>
      </object_component>
      <object_component id="oc-a9">
         <name>.debug_info</name>
         <load_address>0x25c4c</load_address>
         <run_address>0x25c4c</run_address>
         <size>0x153</size>
         <input_file_ref idref="fl-f4"/>
      </object_component>
      <object_component id="oc-3a5">
         <name>.debug_info</name>
         <load_address>0x25d9f</load_address>
         <run_address>0x25d9f</run_address>
         <size>0x289</size>
         <input_file_ref idref="fl-f6"/>
      </object_component>
      <object_component id="oc-3a2">
         <name>.debug_info</name>
         <load_address>0x26028</load_address>
         <run_address>0x26028</run_address>
         <size>0x10e</size>
         <input_file_ref idref="fl-f6"/>
      </object_component>
      <object_component id="oc-2ea">
         <name>.debug_info</name>
         <load_address>0x26136</load_address>
         <run_address>0x26136</run_address>
         <size>0x14e</size>
         <input_file_ref idref="fl-f6"/>
      </object_component>
      <object_component id="oc-2f0">
         <name>.debug_info</name>
         <load_address>0x26284</load_address>
         <run_address>0x26284</run_address>
         <size>0x8b1</size>
         <input_file_ref idref="fl-f7"/>
      </object_component>
      <object_component id="oc-2bb">
         <name>.debug_info</name>
         <load_address>0x26b35</load_address>
         <run_address>0x26b35</run_address>
         <size>0x21e</size>
         <input_file_ref idref="fl-f7"/>
      </object_component>
      <object_component id="oc-371">
         <name>.debug_info</name>
         <load_address>0x26d53</load_address>
         <run_address>0x26d53</run_address>
         <size>0x1b3</size>
         <input_file_ref idref="fl-f7"/>
      </object_component>
      <object_component id="oc-377">
         <name>.debug_info</name>
         <load_address>0x26f06</load_address>
         <run_address>0x26f06</run_address>
         <size>0x21b</size>
         <input_file_ref idref="fl-f7"/>
      </object_component>
      <object_component id="oc-2c6">
         <name>.debug_info</name>
         <load_address>0x27121</load_address>
[...]
      </symbol>
      <symbol id="sm-859">
         <name>Timer_A_unregisterInterrupt</name>
         <value>0x3dff</value>
         <object_component_ref idref="oc-eb"/>
      </symbol>
      <symbol id="sm-8ab">
         <name>UART_unregisterInterrupt</name>
         <value>0x4b59</value>
         <object_component_ref idref="oc-12d"/>
      </symbol>
      <symbol id="sm-8ac">
         <name>UART_enableInterrupt</name>
         <value>0x49e5</value>
         <object_component_ref idref="oc-12d"/>
      </symbol>
      <symbol id="sm-8ad">
         <name>UART_receiveData</name>
         <value>0x48bb</value>
         <object_component_ref idref="oc-12d"/>
      </symbol>
      <symbol id="sm-8ae">
         <name>UART_enableModule</name>
         <value>0x48e1</value>
         <object_component_ref idref="oc-12d"/>
      </symbol>
      <symbol id="sm-8af">
         <name>UART_disableModule</name>
         <value>0x48f7</value>
         <object_component_ref idref="oc-12d"/>
      </symbol>
      <symbol id="sm-8b0">
         <name>UART_getEnabledInterruptStatus</name>
         <value>0x4a61</value>
         <object_component_ref idref="oc-12d"/>
      </symbol>
      <symbol id="sm-8b1">
         <name>UART_transmitData</name>
         <value>0x4891</value>
         <object_component_ref idref="oc-12d"/>
      </symbol>
      <symbol id="sm-8b2">
         <name>UART_transmitBreak</name>
         <value>0x4967</value>
         <object_component_ref idref="oc-12d"/>
      </symbol>
      <symbol id="sm-8b3">
         <name>UART_registerInterrupt</name>
         <value>0x4add</value>
         <object_component_ref idref="oc-12d"/>
      </symbol>
      <symbol id="sm-8b4">
         <name>UART_selectDeglitchTime</name>
         <value>0x49c9</value>
         <object_component_ref idref="oc-12d"/>
      </symbol>
      <symbol id="sm-8b5">
         <name>UART_getInterruptStatus</name>
         <value>0x4a45</value>
         <object_component_ref idref="oc-12d"/>
      </symbol>
      <symbol id="sm-8b6">
         <name>UART_getReceiveBufferAddressForDMA</name>
         <value>0x49ad</value>
         <object_component_ref idref="oc-12d"/>
      </symbol>
      <symbol id="sm-8b7">
         <name>UART_getTransmitBufferAddressForDMA</name>
         <value>0x49bb</value>
         <object_component_ref idref="oc-12d"/>
      </symbol>
      <symbol id="sm-8b8">
         <name>UART_initModule</name>
         <value>0x47a9</value>
         <object_component_ref idref="oc-12d"/>
      </symbol>
      <symbol id="sm-8b9">
         <name>UART_transmitAddress</name>
         <value>0x4949</value>
         <object_component_ref idref="oc-12d"/>
      </symbol>
      <symbol id="sm-8ba">
         <name>UART_clearInterruptFlag</name>
         <value>0x4abd</value>
         <object_component_ref idref="oc-12d"/>
      </symbol>
      <symbol id="sm-8bb">
         <name>UART_queryStatusFlags</name>
         <value>0x490d</value>
         <object_component_ref idref="oc-12d"/>
      </symbol>
      <symbol id="sm-8bc">
         <name>UART_disableInterrupt</name>
         <value>0x4a15</value>
         <object_component_ref idref="oc-12d"/>
      </symbol>
      <symbol id="sm-8bd">
         <name>UART_setDormant</name>
         <value>0x4921</value>
         <object_component_ref idref="oc-12d"/>
      </symbol>
      <symbol id="sm-8be">
         <name>UART_resetDormant</name>
         <value>0x4935</value>
         <object_component_ref idref="oc-12d"/>
      </symbol>
      <symbol id="sm-8d5">
         <name>WDT_A_setTimeoutReset</name>
         <value>0x71b9</value>
         <object_component_ref idref="oc-136"/>
      </symbol>
      <symbol id="sm-8d6">
         <name>WDT_A_registerInterrupt</name>
         <value>0x71c5</value>
         <object_component_ref idref="oc-136"/>
      </symbol>
      <symbol id="sm-8d7">
         <name>WDT_A_setPasswordViolationReset</name>
         <value>0x71ad</value>
         <object_component_ref idref="oc-136"/>
      </symbol>
      <symbol id="sm-8d8">
         <name>WDT_A_initIntervalTimer</name>
         <value>0x7191</value>
         <object_component_ref idref="oc-136"/>
      </symbol>
      <symbol id="sm-8d9">
         <name>WDT_A_clearTimer</name>
         <value>0x7155</value>
         <object_component_ref idref="oc-136"/>
      </symbol>
      <symbol id="sm-8da">
         <name>WDT_A_holdTimer</name>
         <value>0x7115</value>
         <object_component_ref idref="oc-136"/>
      </symbol>
      <symbol id="sm-8db">
         <name>WDT_A_initWatchdogTimer</name>
         <value>0x7175</value>
         <object_component_ref idref="oc-136"/>
      </symbol>
      <symbol id="sm-8dc">
         <name>WDT_A_startTimer</name>
         <value>0x7135</value>
         <object_component_ref idref="oc-136"/>
      </symbol>
      <symbol id="sm-8dd">
         <name>WDT_A_unregisterInterrupt</name>
         <value>0x71d9</value>
         <object_component_ref idref="oc-136"/>
      </symbol>
      <symbol id="sm-8f4">
         <name>__aeabi_dsub</name>
         <value>0x686d</value>
         <object_component_ref idref="oc-d0"/>
      </symbol>
      <symbol id="sm-8f5">
         <name>__aeabi_dadd</name>
         <value>0x6877</value>
         <object_component_ref idref="oc-d0"/>
      </symbol>
      <symbol id="sm-909">
         <name>__aeabi_ddiv</name>
         <value>0x6cad</value>
         <object_component_ref idref="oc-cb"/>
      </symbol>
      <symbol id="sm-914">
         <name>__aeabi_dmul</name>
         <value>0x7019</value>
         <object_component_ref idref="oc-c6"/>
      </symbol>
      <symbol id="sm-91e">
         <name>__aeabi_d2iz</name>
         <value>0x78f5</value>
         <object_component_ref idref="oc-118"/>
      </symbol>
      <symbol id="sm-92a">
         <name>__aeabi_d2f</name>
         <value>0x7671</value>
         <object_component_ref idref="oc-d5"/>
      </symbol>
      <symbol id="sm-935">
         <name>__aeabi_f2d</name>
         <value>0x7a75</value>
         <object_component_ref idref="oc-c1"/>
      </symbol>
      <symbol id="sm-93f">
         <name>__aeabi_ui2d</name>
         <value>0x7adb</value>
         <object_component_ref idref="oc-e0"/>
      </symbol>
      <symbol id="sm-958">
         <name>__TI_zero_init_nomemset</name>
         <value>0x7b7f</value>
         <object_component_ref idref="oc-40"/>
      </symbol>
      <symbol id="sm-96f">
         <name>__TI_decompress_none</name>
         <value>0x7ba3</value>
         <object_component_ref idref="oc-1a"/>
      </symbol>
      <symbol id="sm-992">
         <name>__TI_decompress_lzss</name>
         <value>0x76df</value>
         <object_component_ref idref="oc-14"/>
      </symbol>
      <symbol id="sm-9a5">
         <name>__stack</name>
         <value>0x2000fe00</value>
         <object_component_ref idref="oc-26"/>
      </symbol>
      <symbol id="sm-9a6">
         <name>_c_int00_noargs</name>
         <value>0x7a3d</value>
         <object_component_ref idref="oc-52"/>
      </symbol>
      <symbol id="sm-9b1">
         <name>C$$EXIT</name>
         <value>0x7bd5</value>
         <object_component_ref idref="oc-172"/>
      </symbol>
      <symbol id="sm-9b2">
         <name>abort</name>
         <value>0x7bd5</value>
         <object_component_ref idref="oc-172"/>
      </symbol>
      <symbol id="sm-9c1">
         <name>atof</name>
         <value>0x7b6d</value>
         <object_component_ref idref="oc-204"/>
      </symbol>
      <symbol id="sm-9e8">
         <name>sprintf</name>
         <value>0x7981</value>
         <object_component_ref idref="oc-127"/>
      </symbol>
      <symbol id="sm-a48">
         <name>strtold</name>
         <value>0x4349</value>
         <object_component_ref idref="oc-2a4"/>
      </symbol>
      <symbol id="sm-a49">
         <name>strtod</name>
         <value>0x4349</value>
         <object_component_ref idref="oc-2a4"/>
      </symbol>
      <symbol id="sm-a70">
         <name>scalbn</name>
         <value>0x6f09</value>
         <object_component_ref idref="oc-344"/>
      </symbol>
      <symbol id="sm-a71">
         <name>scalbnl</name>
         <value>0x6f09</value>
         <object_component_ref idref="oc-344"/>
      </symbol>
      <symbol id="sm-a72">
         <name>ldexpl</name>
         <value>0x6f09</value>
         <object_component_ref idref="oc-344"/>
      </symbol>
      <symbol id="sm-a73">
         <name>ldexp</name>
         <value>0x6f09</value>
         <object_component_ref idref="oc-344"/>
      </symbol>
      <symbol id="sm-a95">
         <name>__aeabi_cdcmpeq</name>
         <value>0x747d</value>
         <object_component_ref idref="oc-2c0"/>
      </symbol>
      <symbol id="sm-a96">
         <name>__aeabi_cdcmple</name>
         <value>0x747d</value>
         <object_component_ref idref="oc-2c0"/>
      </symbol>
      <symbol id="sm-a97">
         <name>__aeabi_cdrcmple</name>
         <value>0x7503</value>
         <object_component_ref idref="oc-360"/>
      </symbol>
      <symbol id="sm-ab2">
         <name>memcpy</name>
         <value>0x734b</value>
         <object_component_ref idref="oc-34"/>
      </symbol>
      <symbol id="sm-ab3">
         <name>__aeabi_memcpy</name>
         <value>0x734b</value>
         <object_component_ref idref="oc-34"/>
      </symbol>
      <symbol id="sm-ab4">
         <name>__aeabi_memcpy8</name>
         <value>0x734b</value>
         <object_component_ref idref="oc-34"/>
      </symbol>
      <symbol id="sm-ab5">
         <name>__aeabi_memcpy4</name>
         <value>0x734b</value>
         <object_component_ref idref="oc-34"/>
      </symbol>
      <symbol id="sm-ac4">
         <name>__aeabi_memset</name>
         <value>0x758b</value>
         <object_component_ref idref="oc-a2"/>
      </symbol>
      <symbol id="sm-ac5">
         <name>memset</name>
         <value>0x7591</value>
         <object_component_ref idref="oc-a2"/>
      </symbol>
      <symbol id="sm-ac6">
         <name>__aeabi_memset8</name>
         <value>0x758b</value>
         <object_component_ref idref="oc-a2"/>
      </symbol>
      <symbol id="sm-ac7">
         <name>__aeabi_memset4</name>
         <value>0x758b</value>
         <object_component_ref idref="oc-a2"/>
      </symbol>
      <symbol id="sm-ac8">
         <name>__aeabi_memclr8</name>
         <value>0x7589</value>
         <object_component_ref idref="oc-a2"/>
      </symbol>
      <symbol id="sm-ac9">
         <name>__aeabi_memclr4</name>
         <value>0x7589</value>
         <object_component_ref idref="oc-a2"/>
      </symbol>
      <symbol id="sm-aca">
         <name>__aeabi_memclr</name>
         <value>0x7589</value>
         <object_component_ref idref="oc-a2"/>
      </symbol>
      <symbol id="sm-af2">
         <name>__TI_auto_init_nobinit_nopinit</name>
         <value>0x793d</value>
         <object_component_ref idref="oc-17e"/>
      </symbol>
      <symbol id="sm-afc">
         <name>_system_pre_init</name>
         <value>0x7bd1</value>
         <object_component_ref idref="oc-a8"/>
      </symbol>
      <symbol id="sm-b13">
         <name>__aeabi_errno_addr</name>
         <value>0x7bc9</value>
         <object_component_ref idref="oc-2e9"/>
      </symbol>
      <symbol id="sm-b14">
         <name>errno</name>
         <value>0x20000540</value>
         <object_component_ref idref="oc-3a1"/>
      </symbol>
      <symbol id="sm-c79">
         <name>__TI_printfi</name>
         <value>0x23fd</value>
         <object_component_ref idref="oc-211"/>
      </symbol>
      <symbol id="sm-c8f">
         <name>atoi</name>
         <value>0x78a9</value>
         <object_component_ref idref="oc-2b4"/>
      </symbol>
      <symbol id="sm-c9a">
         <name>_ctypes_</name>
         <value>0x7bd8</value>
         <object_component_ref idref="oc-34a"/>
      </symbol>
      <symbol id="sm-ca9">
         <name>ltoa</name>
         <value>0x7803</value>
         <object_component_ref idref="oc-365"/>
      </symbol>
      <symbol id="sm-cb9">
         <name>memccpy</name>
         <value>0x7afb</value>
         <object_component_ref idref="oc-2dd"/>
      </symbol>
      <symbol id="sm-cc9">
         <name>strchr</name>
         <value>0x7b2f</value>
         <object_component_ref idref="oc-391"/>
      </symbol>
      <symbol id="sm-cd7">
         <name>strlen</name>
         <value>0x7b59</value>
         <object_component_ref idref="oc-2ae"/>
      </symbol>
      <symbol id="sm-cf0">
         <name>wcslen</name>
         <value>0x7b91</value>
         <object_component_ref idref="oc-2e3"/>
      </symbol>
      <symbol id="sm-cfa">
         <name>copysign</name>
         <value>0x7b45</value>
         <object_component_ref idref="oc-3d5"/>
      </symbol>
      <symbol id="sm-cfb">
         <name>copysignl</name>
         <value>0x7b45</value>
         <object_component_ref idref="oc-3d5"/>
      </symbol>
      <symbol id="sm-d11">
         <name>frexpl</name>
         <value>0x7749</value>
         <object_component_ref idref="oc-38b"/>
      </symbol>
      <symbol id="sm-d12">
         <name>frexp</name>
         <value>0x7749</value>
         <object_component_ref idref="oc-38b"/>
      </symbol>
      <symbol id="sm-d1c">
         <name>__aeabi_i2d</name>
         <value>0x7aad</value>
         <object_component_ref idref="oc-36b"/>
      </symbol>
      <symbol id="sm-d29">
         <name>__aeabi_uldivmod</name>
         <value>0x73e7</value>
         <object_component_ref idref="oc-359"/>
      </symbol>
      <symbol id="sm-d33">
         <name>__aeabi_idiv0</name>
         <value>0x2e5b</value>
         <object_component_ref idref="oc-3ed"/>
      </symbol>
      <symbol id="sm-d34">
         <name>__aeabi_ldiv0</name>
         <value>0x2e5b</value>
         <object_component_ref idref="oc-3ed"/>
      </symbol>
      <symbol id="sm-d35">
         <name>__TI_static_base__</name>
         <value>0x0</value>
      </symbol>
      <symbol id="sm-d38">
         <name>__mpu_init</name>
         <value>0x0</value>
      </symbol>
      <symbol id="sm-d39">
         <name>_system_post_cinit</name>
         <value>0x0</value>
      </symbol>
      <symbol id="sm-d3a">
         <name>NMI_Handler</name>
         <value>0x7bbd</value>
      </symbol>
      <symbol id="sm-d3b">
         <name>HardFault_Handler</name>
         <value>0x7bbd</value>
      </symbol>
      <symbol id="sm-d3c">
         <name>MemManage_Handler</name>
         <value>0x7bbd</value>
      </symbol>
      <symbol id="sm-d3d">
         <name>BusFault_Handler</name>
         <value>0x7bbd</value>
      </symbol>
      <symbol id="sm-d3e">
         <name>UsageFault_Handler</name>
         <value>0x7bbd</value>
      </symbol>
      <symbol id="sm-d3f">
         <name>SVC_Handler</name>
         <value>0x7bbd</value>
      </symbol>
      <symbol id="sm-d40">
         <name>DebugMon_Handler</name>
         <value>0x7bbd</value>
      </symbol>
      <symbol id="sm-d41">
         <name>PendSV_Handler</name>
         <value>0x7bbd</value>
      </symbol>
      <symbol id="sm-d42">
         <name>SysTick_Handler</name>
         <value>0x7bbd</value>
      </symbol>
      <symbol id="sm-d43">
         <name>PSS_IRQHandler</name>
         <value>0x7bbd</value>
      </symbol>
      <symbol id="sm-d44">
         <name>CS_IRQHandler</name>
         <value>0x7bbd</value>
      </symbol>
      <symbol id="sm-d45">
         <name>PCM_IRQHandler</name>
         <value>0x7bbd</value>
      </symbol>
      <symbol id="sm-d46">
         <name>WDT_A_IRQHandler</name>
         <value>0x7bbd</value>
      </symbol>
      <symbol id="sm-d47">
         <name>FPU_IRQHandler</name>
         <value>0x7bbd</value>
      </symbol>
      <symbol id="sm-d48">
         <name>FLCTL_IRQHandler</name>
         <value>0x7bbd</value>
      </symbol>
      <symbol id="sm-d49">
         <name>COMP_E0_IRQHandler</name>
         <value>0x7bbd</value>
      </symbol>
      <symbol id="sm-d4a">
         <name>COMP_E1_IRQHandler</name>
         <value>0x7bbd</value>
      </symbol>
      <symbol id="sm-d4b">
         <name>TA0_0_IRQHandler</name>
         <value>0x7bbd</value>
      </symbol>
      <symbol id="sm-d4c">
         <name>TA0_N_IRQHandler</name>
         <value>0x7bbd</value>
      </symbol>
      <symbol id="sm-d4d">
         <name>TA1_0_IRQHandler</name>
         <value>0x58c1</value>
      </symbol>
      <symbol id="sm-d4e">
         <name>TA1_N_IRQHandler</name>
         <value>0x7bbd</value>
      </symbol>
      <symbol id="sm-d4f">
         <name>TA2_0_IRQHandler</name>
         <value>0x5eb5</value>
      </symbol>
      <symbol id="sm-d50">
         <name>TA2_N_IRQHandler</name>
         <value>0x7bbd</value>
      </symbol>
      <symbol id="sm-d51">
         <name>TA3_0_IRQHandler</name>
         <value>0x7bbd</value>
      </symbol>
      <symbol id="sm-d52">
         <name>TA3_N_IRQHandler</name>
         <value>0x7bbd</value>
      </symbol>
      <symbol id="sm-d53">
         <name>EUSCIA0_IRQHandler</name>
         <value>0x60e5</value>
      </symbol>
      <symbol id="sm-d54">
         <name>EUSCIA1_IRQHandler</name>
         <value>0x7bbd</value>
      </symbol>
      <symbol id="sm-d55">
         <name>EUSCIA2_IRQHandler</name>
         <value>0x7bbd</value>
      </symbol>
      <symbol id="sm-d56">
         <name>EUSCIA3_IRQHandler</name>
         <value>0x7bbd</value>
      </symbol>
      <symbol id="sm-d57">
         <name>EUSCIB0_IRQHandler</name>
         <value>0x7bbd</value>
      </symbol>
      <symbol id="sm-d58">
         <name>EUSCIB1_IRQHandler</name>
         <value>0x7bbd</value>
      </symbol>
      <symbol id="sm-d59">
         <name>EUSCIB2_IRQHandler</name>
         <value>0x7bbd</value>
      </symbol>
      <symbol id="sm-d5a">
         <name>EUSCIB3_IRQHandler</name>
         <value>0x7bbd</value>
      </symbol>
      <symbol id="sm-d5b">
         <name>ADC14_IRQHandler</name>
         <value>0x7bbd</value>
      </symbol>
      <symbol id="sm-d5c">
         <name>T32_INT1_IRQHandler</name>
         <value>0x7bbd</value>
      </symbol>
      <symbol id="sm-d5d">
         <name>T32_INT2_IRQHandler</name>
         <value>0x7bbd</value>
      </symbol>
      <symbol id="sm-d5e">
         <name>T32_INTC_IRQHandler</name>
         <value>0x7bbd</value>
      </symbol>
      <symbol id="sm-d5f">
         <name>AES256_IRQHandler</name>
         <value>0x7bbd</value>
      </symbol>
      <symbol id="sm-d60">
         <name>RTC_C_IRQHandler</name>
         <value>0x7bbd</value>
      </symbol>
      <symbol id="sm-d61">
         <name>DMA_ERR_IRQHandler</name>
         <value>0x7bbd</value>
      </symbol>
      <symbol id="sm-d62">
         <name>DMA_INT3_IRQHandler</name>
         <value>0x7bbd</value>
      </symbol>
      <symbol id="sm-d63">
         <name>DMA_INT2_IRQHandler</name>
         <value>0x7bbd</value>
      </symbol>
      <symbol id="sm-d64">
         <name>DMA_INT1_IRQHandler</name>
         <value>0x7bbd</value>
      </symbol>
      <symbol id="sm-d65">
         <name>DMA_INT0_IRQHandler</name>
         <value>0x7bbd</value>
      </symbol>
      <symbol id="sm-d66">
         <name>PORT1_IRQHandler</name>
         <value>0x6ae1</value>
      </symbol>
      <symbol id="sm-d67">
         <name>PORT2_IRQHandler</name>
         <value>0x7bbd</value>
      </symbol>
      <symbol id="sm-d68">
         <name>PORT3_IRQHandler</name>
         <value>0x5a55</value>
      </symbol>
      <symbol id="sm-d69">
         <name>PORT4_IRQHandler</name>
         <value>0x7bbd</value>
      </symbol>
      <symbol id="sm-d6a">
         <name>PORT5_IRQHandler</name>
         <value>0x7bbd</value>
      </symbol>
      <symbol id="sm-d6b">
         <name>PORT6_IRQHandler</name>
         <value>0x7bbd</value>
      </symbol>
   </symbol_table>
   <title>Link successful</title>
</link_info>
