******************************************************************************
                  TI ARM Linker Unix v18.1.4                   
******************************************************************************
>> Linked Tue May 19 17:18:09 2020

OUTPUT FILE NAME:   <old-board.out>
ENTRY POINT SYMBOL: "_c_int00_noargs"  address: 00007a3d


MEMORY CONFIGURATION

         name            origin    length      used     unused   attr    fill
----------------------  --------  ---------  --------  --------  ----  --------
  MAIN                  00000000   00040000  000080b4  00037f4c  R  X
  INFO                  00200000   00004000  00000000  00004000  R  X
  SRAM_CODE             01000000   00010000  00000748  0000f8b8  RW X
  SRAM_DATA             20000000   00010000  00000748  0000f8b8  RW  


SEGMENT ALLOCATION MAP

run origin  load origin   length   init length attrs members
----------  ----------- ---------- ----------- ----- -------
00000000    00000000    000080b8   000080b8    r-x
  00000000    00000000    000000e4   000000e4    r-- .intvecs
  000000e4    000000e4    00007af4   00007af4    r-x .text
  00007bd8    00007bd8    000003e4   000003e4    r-- .const
  00007fc0    00007fc0    000000f8   000000f8    r-- .cinit
20000000    20000000    00000548   00000000    rw-
  20000000    20000000    000000e4   00000000    rw- .vtable
  200000e4    200000e4    00000270   00000000    rw- .bss
  20000354    20000354    000001f4   00000000    rw- .data
2000fe00    2000fe00    00000200   00000000    rw-
  2000fe00    2000fe00    00000200   00000000    rw- .stack


SECTION ALLOCATION MAP

 output                                  attributes/
section   page    origin      length       input sections
--------  ----  ----------  ----------   ----------------
.intvecs   0    00000000    000000e4     
                  00000000    000000e4     startup_msp432p401r_ccs.obj (.intvecs:retain)

.text      0    000000e4    00007af4     
                  000000e4    0000159c     flash.obj (.text)
                  00001680    00000d7c     cs.obj (.text)
                  000023fc    00000a5e     rtsv7M4_T_le_v4SPD16_eabi.lib : _printfi.c.obj (.text:__TI_printfi)
                  00002e5a    00000002                                   : div0.asm.obj (.text)
                  00002e5c    000008d4     adc14.obj (.text)
                  00003730    00000798     timer_a.obj (.text)
                  00003ec8    00000480     gpio.obj (.text)
                  00004348    00000460     rtsv7M4_T_le_v4SPD16_eabi.lib : strtod.c.obj (.text:strtod)
                  000047a8    0000041c     uart.obj (.text)
                  00004bc4    000003f0     interrupt.obj (.text)
                  00004fb4    0000036c     initialization.obj (.text)
                  00005320    00000334     system_msp432p401r.obj (.text)
                  00005654    0000031c     sense.obj (.text)
                  00005970    000002e8     encoder.obj (.text)
                  00005c58    000002d4     control.obj (.text)
                  00005f2c    000002bc     comms.obj (.text)
                  000061e8    00000270     rtsv7M4_T_le_v4SPD16_eabi.lib : _printfi.c.obj (.text:_pconv_a)
                  00006458    00000244     sysctl.obj (.text)
                  0000669c    000001d0     rtsv7M4_T_le_v4SPD16_eabi.lib : _printfi.c.obj (.text:_pconv_g)
                  0000686c    000001b6                                   : fd_add_t2.asm.obj (.text)
                  00006a22    00000002     --HOLE-- [fill = 0]
                  00006a24    0000014c     main.obj (.text)
                  00006b70    0000013c     rtsv7M4_T_le_v4SPD16_eabi.lib : _printfi.c.obj (.text:_pconv_e)
                  00006cac    00000136                                   : fd_div_t2.asm.obj (.text)
                  00006de2    00000002     --HOLE-- [fill = 0]
                  00006de4    00000124                                   : _printfi.c.obj (.text:fcvt)
                  00006f08    00000110                                   : s_scalbn.c.obj (.text:scalbn)
                  00007018    000000fc                                   : fd_mul_t2.asm.obj (.text)
                  00007114    000000d8     wdt_a.obj (.text)
                  000071ec    000000b1     rtsv7M4_T_le_v4SPD16_eabi.lib : _printfi.c.obj (.text:_ltostr)
                  0000729d    00000001     --HOLE-- [fill = 0]
                  0000729e    000000ac     helper_functions.obj (.text)
                  0000734a    0000009c     rtsv7M4_T_le_v4SPD16_eabi.lib : memcpy_t2.asm.obj (.text)
                  000073e6    00000096                                   : ull_div_t2.asm.obj (.text)
                  0000747c    00000086                                   : fd_cmp_t2.asm.obj (.text:__aeabi_cdcmple)
                  00007502    00000086                                   : fd_cmp_t2.asm.obj (.text:__aeabi_cdrcmple)
                  00007588    0000007a                                   : memset_t2.asm.obj (.text)
                  00007602    0000006e                                   : _printfi.c.obj (.text:_mcpy)
                  00007670    0000006e                                   : fd_tos_t2.asm.obj (.text)
                  000076de    00000068                                   : copy_decompress_lzss.c.obj (.text:decompress:lzss:__TI_decompress_lzss)
                  00007746    00000002     --HOLE-- [fill = 0]
                  00007748    00000064                                   : s_frexp.c.obj (.text:frexp)
                  000077ac    00000056                                   : _printfi.c.obj (.text:_pconv_f)
                  00007802    00000054                                   : ltoa.c.obj (.text:ltoa)
                  00007856    00000052                                   : _printfi.c.obj (.text:_ecpy)
                  000078a8    0000004c                                   : atoi.c.obj (.text:atoi)
                  000078f4    00000048                                   : fd_toi_t2.asm.obj (.text)
                  0000793c    00000044                                   : autoinit.c.obj (.text:__TI_auto_init_nobinit_nopinit:__TI_auto_init_nobinit_nopinit)
                  00007980    00000040                                   : sprintf.c.obj (.text:sprintf)
                  000079c0    0000003e                                   : _printfi.c.obj (.text:_fcpy)
                  000079fe    0000003e     cpu.obj (.text)
                  00007a3c    00000038     rtsv7M4_T_le_v4SPD16_eabi.lib : boot_cortex_m.c.obj (.text:_c_int00_noargs:_c_int00_noargs)
                  00007a74    00000038                                   : fs_tod_t2.asm.obj (.text)
                  00007aac    0000002e                                   : i_tofd_t2.asm.obj (.text)
                  00007ada    00000020                                   : u_tofd_t2.asm.obj (.text)
                  00007afa    0000001c                                   : memccpy.c.obj (.text:memccpy)
                  00007b16    00000018                                   : sprintf.c.obj (.text:_outs)
                  00007b2e    00000016                                   : strchr.c.obj (.text:strchr)
                  00007b44    00000014                                   : s_copysign.c.obj (.text:copysign)
                  00007b58    00000014                                   : strlen.c.obj (.text:strlen)
                  00007b6c    00000012                                   : atof.c.obj (.text:atof)
                  00007b7e    00000012                                   : copy_zero_init.c.obj (.text:decompress:ZI:__TI_zero_init_nomemset:__TI_zero_init_nomemset)
                  00007b90    00000012                                   : wcslen.c.obj (.text:wcslen)
                  00007ba2    0000000e                                   : copy_decompress_none.c.obj (.text:decompress:none:__TI_decompress_none)
                  00007bb0    0000000e     startup_msp432p401r_ccs.obj (.text)
                  00007bbe    0000000a     rtsv7M4_T_le_v4SPD16_eabi.lib : sprintf.c.obj (.text:_outc)
                  00007bc8    00000008                                   : errno.c.obj (.text:__aeabi_errno_addr)
                  00007bd0    00000004                                   : pre_init.c.obj (.text:_system_pre_init)
                  00007bd4    00000004                                   : exit.c.obj (.text:abort:abort)

.const     0    00007bd8    000003e4     
                  00007bd8    00000101     rtsv7M4_T_le_v4SPD16_eabi.lib : ctype.c.obj (.const:.string:_ctypes_)
                  00007cd9    00000007     --HOLE-- [fill = 0]
                  00007ce0    000000c8                                   : strtod.c.obj (.const:$O1$$)
                  00007da8    00000080     adc14.obj (.const:_ctlRegs)
                  00007e28    00000050     interrupt.obj (.const:g_pulRegs)
                  00007e78    00000024     initialization.obj (.const:uartConfig)
                  00007e9c    00000020     interrupt.obj (.const:g_pulPriority)
                  00007ebc    00000020     initialization.obj (.const:lightAdc)
                  00007edc    0000001c     gpio.obj (.const:GPIO_PORT_TO_INT)
                  00007ef8    00000018     initialization.obj (.const:controlTimerConfig)
                  00007f10    00000018     initialization.obj (.const:pwmTimerConfig1)
                  00007f28    00000018     initialization.obj (.const:pwmTimerConfig2)
                  00007f40    00000018     initialization.obj (.const:pwmTimerConfig3)
                  00007f58    00000018     initialization.obj (.const:pwmTimerConfig4)
                  00007f70    00000018     initialization.obj (.const:sensorTimerConfig)
                  00007f88    00000014     initialization.obj (.const:presAdc)
                  00007f9c    00000008     interrupt.obj (.const:g_pulDisRegs)
                  00007fa4    00000008     interrupt.obj (.const:g_pulEnRegs)
                  00007fac    00000008     interrupt.obj (.const:g_pulPendRegs)
                  00007fb4    00000008     interrupt.obj (.const:g_pulUnpendRegs)

.cinit     0    00007fc0    000000f8     
                  00007fc0    000000be     (.cinit..data.load) [load image, compression = lzss]
                  0000807e    00000002     --HOLE-- [fill = 0]
                  00008080    0000000c     (__TI_handler_table)
                  0000808c    00000004     --HOLE-- [fill = 0]
                  00008090    00000008     (.cinit..bss.load) [load image, compression = zero_init]
                  00008098    00000008     (.cinit..vtable.load) [load image, compression = zero_init]
                  000080a0    00000018     (__TI_cinit_table)

.init_array 
*          0    00000000    00000000     UNINITIALIZED

.binit     0    00000000    00000000     

.vtable    0    20000000    000000e4     UNINITIALIZED
                  20000000    000000e4     interrupt.obj (.vtable)

.bss       0    200000e4    00000270     UNINITIALIZED
                  200000e4    000001a4     (.common:pres)
                  20000288    00000050     (.common:kPid)
                  200002d8    00000028     (.common:presFilt)
                  20000300    00000020     (.common:light)
                  20000320    00000018     (.common:debugVar)
                  20000338    00000014     (.common:presDes)
                  2000034c    00000008     cs.obj (.bss)

.data      0    20000354    000001f4     UNINITIALIZED
                  20000354    000000c8     initialization.obj (.data:textBuf)
                  2000041c    00000054     initialization.obj (.data:lpfCoeffs)
                  20000470    00000040     flash.obj (.data:__getBurstProgramRegs)
                  200004b0    00000030     gpio.obj (.data:GPIO_PORT_TO_BASE)
                  200004e0    00000014     control.obj (.data:errInt$1)
                  200004f4    00000014     control.obj (.data:errPrev$2)
                  20000508    00000014     initialization.obj (.data)
                  2000051c    00000008     initialization.obj (.data:encCounts)
                  20000524    00000008     initialization.obj (.data:theta1)
                  2000052c    00000008     initialization.obj (.data:theta2)
                  20000534    00000006     initialization.obj (.data:encPins)
                  2000053a    00000002     initialization.obj (.data:prevEncState)
                  2000053c    00000004     comms.obj (.data)
                  20000540    00000004     rtsv7M4_T_le_v4SPD16_eabi.lib : errno.c.obj (.data)
                  20000544    00000004     system_msp432p401r.obj (.data)

.stack     0    2000fe00    00000200     UNINITIALIZED
                  2000fe00    00000004     rtsv7M4_T_le_v4SPD16_eabi.lib : boot_cortex_m.c.obj (.stack)
                  2000fe04    000001fc     --HOLE--

MODULE SUMMARY

       Module                        code    ro data   rw data
       ------                        ----    -------   -------
    ./
       initialization.obj            876     232       1904   
       system_msp432p401r.obj        820     0         8      
       control.obj                   724     0         80     
       sense.obj                     796     0         0      
       encoder.obj                   744     0         0      
       comms.obj                     700     0         8      
       main.obj                      332     0         0      
       startup_msp432p401r_ccs.obj   14      228       0      
       helper_functions.obj          172     0         0      
    +--+-----------------------------+-------+---------+---------+
       Total:                        5178    460       2000   
                                                              
    ./driverlib/MSP432P4xx/
       flash.obj                     5532    0         128    
       cs.obj                        3452    0         16     
       adc14.obj                     2260    128       0      
       timer_a.obj                   1944    0         0      
       interrupt.obj                 1008    144       456    
       gpio.obj                      1152    28        96     
       uart.obj                      1052    0         0      
       sysctl.obj                    580     0         0      
       wdt_a.obj                     216     0         0      
       cpu.obj                       62      0         0      
    +--+-----------------------------+-------+---------+---------+
       Total:                        17258   300       696    
                                                              
    /home/lucas/ti/ccsv8/tools/compiler/ti-cgt-arm_18.1.4.LTS/lib/rtsv7M4_T_le_v4SPD16_eabi.lib
       _printfi.c.obj                4867    0         0      
       strtod.c.obj                  1120    200       0      
       fd_add_t2.asm.obj             438     0         0      
       fd_div_t2.asm.obj             310     0         0      
       s_scalbn.c.obj                272     0         0      
       fd_cmp_t2.asm.obj             268     0         0      
       ctype.c.obj                   0       257       0      
       fd_mul_t2.asm.obj             252     0         0      
       memcpy_t2.asm.obj             156     0         0      
       ull_div_t2.asm.obj            150     0         0      
       memset_t2.asm.obj             122     0         0      
       fd_tos_t2.asm.obj             110     0         0      
       copy_decompress_lzss.c.obj    104     0         0      
       s_frexp.c.obj                 100     0         0      
       sprintf.c.obj                 98      0         0      
       ltoa.c.obj                    84      0         0      
       atoi.c.obj                    76      0         0      
       fd_toi_t2.asm.obj             72      0         0      
       autoinit.c.obj                68      0         0      
       boot_cortex_m.c.obj           56      0         0      
       fs_tod_t2.asm.obj             56      0         0      
       i_tofd_t2.asm.obj             46      0         0      
       u_tofd_t2.asm.obj             32      0         0      
       memccpy.c.obj                 28      0         0      
       strchr.c.obj                  22      0         0      
       s_copysign.c.obj              20      0         0      
       strlen.c.obj                  20      0         0      
       atof.c.obj                    18      0         0      
       copy_zero_init.c.obj          18      0         0      
       wcslen.c.obj                  18      0         0      
       errno.c.obj                   8       0         8      
       copy_decompress_none.c.obj    14      0         0      
       exit.c.obj                    4       0         0      
       pre_init.c.obj                4       0         0      
       div0.asm.obj                  2       0         0      
    +--+-----------------------------+-------+---------+---------+
       Total:                        9033    457       8      
                                                              
       Stack:                        0       0         1024   
       Linker Generated:             0       242       0      
    +--+-----------------------------+-------+---------+---------+
       Grand Total:                  31469   1459      3728   


LINKER GENERATED COPY TABLES

__TI_cinit_table @ 000080a0 records: 3, size/record: 8, table size: 24
	.data: load addr=00007fc0, load size=000000be bytes, run addr=20000354, run size=000001f4 bytes, compression=lzss
	.bss: load addr=00008090, load size=00000008 bytes, run addr=200000e4, run size=00000270 bytes, compression=zero_init
	.vtable: load addr=00008098, load size=00000008 bytes, run addr=20000000, run size=000000e4 bytes, compression=zero_init


LINKER GENERATED HANDLER TABLE

__TI_handler_table @ 00008080 records: 3, size/record: 4, table size: 12
	index: 0, handler: __TI_zero_init
	index: 1, handler: __TI_decompress_lzss
	index: 2, handler: __TI_decompress_none


GLOBAL SYMBOLS: SORTED ALPHABETICALLY BY Name 

address   name                                           
-------   ----                                           
00007bbd  ADC14_IRQHandler                               
000036a9  ADC14_clearInterruptFlag                       
00003251  ADC14_configureConversionMemory                
000030f9  ADC14_configureMultiSequenceMode               
0000318f  ADC14_configureSingleSampleMode                
00003389  ADC14_disableComparatorWindow                  
00003227  ADC14_disableConversion                        
00003627  ADC14_disableInterrupt                         
00002fcd  ADC14_disableModule                            
000035a7  ADC14_disableReferenceBurst                    
0000300d  ADC14_disableSampleTimer                       
000032f9  ADC14_enableComparatorWindow                   
000031e5  ADC14_enableConversion                         
000035ff  ADC14_enableInterrupt                          
00002fc5  ADC14_enableModule                             
00003591  ADC14_enableReferenceBurst                     
00002fe3  ADC14_enableSampleTimer                        
00003673  ADC14_getEnabledInterruptStatus                
0000364f  ADC14_getInterruptStatus                       
000034b1  ADC14_getMultiSequenceResult                   
00003083  ADC14_getResolution                            
00003497  ADC14_getResult                                
0000351d  ADC14_getResultArray                           
00003023  ADC14_initModule                               
00003233  ADC14_isBusy                                   
000036d5  ADC14_registerInterrupt                        
000033e7  ADC14_setComparatorWindowValue                 
000035bd  ADC14_setPowerMode                             
00003069  ADC14_setResolution                            
0000346d  ADC14_setResultFormat                          
000030cf  ADC14_setSampleHoldTime                        
0000308d  ADC14_setSampleHoldTrigger                     
00003205  ADC14_toggleConversionTrigger                  
000036e9  ADC14_unregisterInterrupt                      
00007bbd  AES256_IRQHandler                              
00005081  Analog_Config                                  
00007bbd  BusFault_Handler                               
00007bd5  C$$EXIT                                        
00007bbd  COMP_E0_IRQHandler                             
00007bbd  COMP_E1_IRQHandler                             
00007a33  CPU_basepriGet                                 
00007a25  CPU_basepriSet                                 
000079ff  CPU_cpsid                                      
00007a15  CPU_cpsie                                      
00007a0b  CPU_primask                                    
00007a21  CPU_wfi                                        
00007bbd  CS_IRQHandler                                  
00002381  CS_clearInterruptFlag                          
00001c29  CS_disableClockRequest                         
00001d0f  CS_disableDCOExternalResistor                  
00002255  CS_disableFaultCounter                         
0000233f  CS_disableInterrupt                            
00001c01  CS_enableClockRequest                          
00001c71  CS_enableDCOExternalResistor                   
00002229  CS_enableFaultCounter                          
0000231d  CS_enableInterrupt                             
000021c1  CS_getACLK                                     
00002181  CS_getBCLK                                     
00001e09  CS_getDCOFrequency                             
00002367  CS_getEnabledInterruptStatus                   
0000219d  CS_getHSMCLK                                   
00002361  CS_getInterruptStatus                          
00002207  CS_getMCLK                                     
000021e5  CS_getSMCLK                                    
00001921  CS_initClockSignal                             
000023a3  CS_registerInterrupt                           
00002281  CS_resetFaultCounter                           
00001d2d  CS_setDCOCenteredFrequency                     
00001c99  CS_setDCOExternalResistorCalibration           
00001fa9  CS_setDCOFrequency                             
000018e5  CS_setExternalClockSourceFrequency             
00001c4b  CS_setReferenceOscillatorFrequency             
000022cd  CS_startFaultCounter                           
00001a25  CS_startHFXT                                   
00001a49  CS_startHFXTWithTimeout                        
00001b0d  CS_startLFXT                                   
00001b31  CS_startLFXTWithTimeout                        
00001d65  CS_tuneDCOFrequency                            
000023b7  CS_unregisterInterrupt                         
00007bbd  DMA_ERR_IRQHandler                             
00007bbd  DMA_INT0_IRQHandler                            
00007bbd  DMA_INT1_IRQHandler                            
00007bbd  DMA_INT2_IRQHandler                            
00007bbd  DMA_INT3_IRQHandler                            
00007bbd  DebugMon_Handler                               
00007bbd  Default_Handler                                
000060e5  EUSCIA0_IRQHandler                             
000060e5  EUSCIA0_IRQHandler                             
00007bbd  EUSCIA1_IRQHandler                             
00007bbd  EUSCIA2_IRQHandler                             
00007bbd  EUSCIA3_IRQHandler                             
00007bbd  EUSCIB0_IRQHandler                             
00007bbd  EUSCIB1_IRQHandler                             
00007bbd  EUSCIB2_IRQHandler                             
00007bbd  EUSCIB3_IRQHandler                             
000051f7  Enc_Config                                     
00007bbd  FLCTL_IRQHandler                               
00007bbd  FPU_IRQHandler                                 
0000112f  FlashCtl_clearInterruptFlag                    
00000ff3  FlashCtl_clearProgramVerification              
00001105  FlashCtl_disableInterrupt                      
00000661  FlashCtl_disableReadBuffering                  
0000105d  FlashCtl_disableWordProgramming                
000010f1  FlashCtl_enableInterrupt                       
0000060d  FlashCtl_enableReadBuffering                   
0000102d  FlashCtl_enableWordProgramming                 
00000c8d  FlashCtl_eraseSector                           
0000111f  FlashCtl_getEnabledInterruptStatus             
00001119  FlashCtl_getInterruptStatus                    
0000028f  FlashCtl_getMemoryInfo                         
00000af1  FlashCtl_getReadMode                           
000010c3  FlashCtl_getWaitState                          
00000b1b  FlashCtl_initiateMassErase                     
00000db1  FlashCtl_initiateSectorErase                   
00000791  FlashCtl_isSectorProtected                     
00001069  FlashCtl_isWordProgrammingEnabled              
00000b41  FlashCtl_performMassErase                      
00000e49  FlashCtl_programMemory                         
00000731  FlashCtl_protectSector                         
00001143  FlashCtl_registerInterrupt                     
00000fb9  FlashCtl_setProgramVerification                
00000a85  FlashCtl_setReadMode                           
00001085  FlashCtl_setWaitState                          
000006c1  FlashCtl_unprotectSector                       
00001157  FlashCtl_unregisterInterrupt                   
0000081d  FlashCtl_verifyMemory                          
000041eb  GPIO_clearInterruptFlag                        
000041ab  GPIO_disableInterrupt                          
00004189  GPIO_enableInterrupt                           
00004243  GPIO_getEnabledInterruptStatus                 
0000415b  GPIO_getInputPinValue                          
000041cd  GPIO_getInterruptStatus                        
0000420d  GPIO_interruptEdgeSelect                       
00004303  GPIO_registerInterrupt                         
00003f03  GPIO_setAsInputPin                             
000040b7  GPIO_setAsInputPinWithPullDownResistor         
00004109  GPIO_setAsInputPinWithPullUpResistor           
00003ec9  GPIO_setAsOutputPin                            
00003fcd  GPIO_setAsPeripheralModuleFunctionInputPin     
00003f49  GPIO_setAsPeripheralModuleFunctionOutputPin    
000042bf  GPIO_setDriveStrengthHigh                      
000042e1  GPIO_setDriveStrengthLow                       
00004051  GPIO_setOutputHighOnPin                        
00004073  GPIO_setOutputLowOnPin                         
00004095  GPIO_toggleOutputOnPin                         
00004323  GPIO_unregisterInterrupt                       
00007bbd  HardFault_Handler                              
00004d87  Interrupt_disableInterrupt                     
00004bd7  Interrupt_disableMaster                        
00004f85  Interrupt_disableSleepOnIsrExit                
00004d15  Interrupt_enableInterrupt                      
00004bc7  Interrupt_enableMaster                         
00004f73  Interrupt_enableSleepOnIsrExit                 
00004cef  Interrupt_getPriority                          
00004c67  Interrupt_getPriorityGrouping                  
00004f53  Interrupt_getPriorityMask                      
00004f6d  Interrupt_getVectorTableAddress                
00004df9  Interrupt_isEnabled                            
00004e85  Interrupt_pendInterrupt                        
00004be7  Interrupt_registerInterrupt                    
00004c9f  Interrupt_setPriority                          
00004c4d  Interrupt_setPriorityGrouping                  
00004f43  Interrupt_setPriorityMask                      
00004f5d  Interrupt_setVectorTableAddress                
00004ef5  Interrupt_unpendInterrupt                      
00004c39  Interrupt_unregisterInterrupt                  
00007bbd  MemManage_Handler                              
00007bbd  NMI_Handler                                    
00007bbd  PCM_IRQHandler                                 
00006ae1  PORT1_IRQHandler                               
00006ae1  PORT1_IRQHandler                               
00007bbd  PORT2_IRQHandler                               
00005a55  PORT3_IRQHandler                               
00005a55  PORT3_IRQHandler                               
00007bbd  PORT4_IRQHandler                               
00007bbd  PORT5_IRQHandler                               
00007bbd  PORT6_IRQHandler                               
00007bbd  PSS_IRQHandler                                 
00007bbd  PendSV_Handler                                 
00007bbd  RTC_C_IRQHandler                               
00007bb1  Reset_Handler                                  
00007bbd  SVC_Handler                                    
0000664b  SysCtl_disableGlitchFilter                     
000064db  SysCtl_disableNMISource                        
000065e3  SysCtl_disablePeripheralAtCPUHalt              
00006525  SysCtl_disableSRAMBank                         
000065a9  SysCtl_disableSRAMBankRetention                
0000663f  SysCtl_enableGlitchFilter                      
000064ef  SysCtl_enableNMISource                         
000065cf  SysCtl_enablePeripheralAtCPUHalt               
00006509  SysCtl_enableSRAMBank                          
0000658d  SysCtl_enableSRAMBankRetention                 
000064d5  SysCtl_getFlashSize                            
00006503  SysCtl_getNMISourceStatus                      
000064cf  SysCtl_getSRAMSize                             
00006459  SysCtl_getTLVInfo                              
00006657  SysCtl_getTempCalibrationConstant              
000065c5  SysCtl_rebootDevice                            
0000661b  SysCtl_setWDTPasswordViolationResetType        
000065f7  SysCtl_setWDTTimeoutResetType                  
00007bbd  SysTick_Handler                                
20000544  SystemCoreClock                                
00005321  SystemCoreClockUpdate                          
00005599  SystemInit                                     
00007bbd  T32_INT1_IRQHandler                            
00007bbd  T32_INT2_IRQHandler                            
00007bbd  T32_INTC_IRQHandler                            
00007bbd  TA0_0_IRQHandler                               
00007bbd  TA0_N_IRQHandler                               
000058c1  TA1_0_IRQHandler                               
000058c1  TA1_0_IRQHandler                               
00007bbd  TA1_N_IRQHandler                               
00005eb5  TA2_0_IRQHandler                               
00005eb5  TA2_0_IRQHandler                               
00007bbd  TA2_N_IRQHandler                               
00007bbd  TA3_0_IRQHandler                               
00007bbd  TA3_N_IRQHandler                               
00003bfb  Timer_A_clearCaptureCompareInterrupt           
00003be5  Timer_A_clearInterruptFlag                     
00003a63  Timer_A_clearTimer                             
0000388b  Timer_A_configureContinuousMode                
00003919  Timer_A_configureUpDownMode                    
000038bb  Timer_A_configureUpMode                        
00003c89  Timer_A_disableCaptureCompareInterrupt         
00003c37  Timer_A_disableInterrupt                       
00003c5d  Timer_A_enableCaptureCompareInterrupt          
00003c23  Timer_A_enableInterrupt                        
00003b2f  Timer_A_generatePWM                            
00003ad5  Timer_A_getCaptureCompareCount                 
00003cf1  Timer_A_getCaptureCompareEnabledInterruptStatus
00003cb1  Timer_A_getCaptureCompareInterruptStatus       
00003a17  Timer_A_getCounterValue                        
00003cd9  Timer_A_getEnabledInterruptStatus              
00003c4b  Timer_A_getInterruptStatus                     
00003aa7  Timer_A_getOutputForOutputModeOutBitValue      
00003a77  Timer_A_getSynchronizedCaptureCompareInput     
00003977  Timer_A_initCapture                            
000039c9  Timer_A_initCompare                            
00003d2d  Timer_A_registerInterrupt                      
00003bb9  Timer_A_setCompareValue                        
00003af7  Timer_A_setOutputForOutputModeOutBitValue      
00003875  Timer_A_startCounter                           
00003ba5  Timer_A_stopTimer                              
00003dff  Timer_A_unregisterInterrupt                    
00004abd  UART_clearInterruptFlag                        
00004a15  UART_disableInterrupt                          
000048f7  UART_disableModule                             
000049e5  UART_enableInterrupt                           
000048e1  UART_enableModule                              
00004a61  UART_getEnabledInterruptStatus                 
00004a45  UART_getInterruptStatus                        
000049ad  UART_getReceiveBufferAddressForDMA             
000049bb  UART_getTransmitBufferAddressForDMA            
000047a9  UART_initModule                                
0000490d  UART_queryStatusFlags                          
000048bb  UART_receiveData                               
00004add  UART_registerInterrupt                         
00004935  UART_resetDormant                              
000049c9  UART_selectDeglitchTime                        
00004921  UART_setDormant                                
00004949  UART_transmitAddress                           
00004967  UART_transmitBreak                             
00004891  UART_transmitData                              
00004b59  UART_unregisterInterrupt                       
00007bbd  UsageFault_Handler                             
4000480c  WDTCTL_SYM                                     
00007bbd  WDT_A_IRQHandler                               
00007155  WDT_A_clearTimer                               
00007115  WDT_A_holdTimer                                
00007191  WDT_A_initIntervalTimer                        
00007175  WDT_A_initWatchdogTimer                        
000071c5  WDT_A_registerInterrupt                        
000071ad  WDT_A_setPasswordViolationReset                
000071b9  WDT_A_setTimeoutReset                          
00007135  WDT_A_startTimer                               
000071d9  WDT_A_unregisterInterrupt                      
0000155b  __FlashCtl_remaskBurstDataPost                 
00001441  __FlashCtl_remaskBurstDataPre                  
00001285  __FlashCtl_remaskData32Post                    
00001369  __FlashCtl_remaskData32Pre                     
00001167  __FlashCtl_remaskData8Post                     
000011e7  __FlashCtl_remaskData8Pre                      
20010000  __STACK_END                                    
00000200  __STACK_SIZE                                   
000080a0  __TI_CINIT_Base                                
000080b8  __TI_CINIT_Limit                               
00008080  __TI_Handler_Table_Base                        
0000808c  __TI_Handler_Table_Limit                       
0000793d  __TI_auto_init_nobinit_nopinit                 
000076df  __TI_decompress_lzss                           
00007ba3  __TI_decompress_none                           
ffffffff  __TI_pprof_out_hndl                            
000023fd  __TI_printfi                                   
ffffffff  __TI_prof_data_size                            
ffffffff  __TI_prof_data_start                           
00000000  __TI_static_base__                             
00007b7f  __TI_zero_init_nomemset                        
0000747d  __aeabi_cdcmpeq                                
0000747d  __aeabi_cdcmple                                
00007503  __aeabi_cdrcmple                               
00007671  __aeabi_d2f                                    
000078f5  __aeabi_d2iz                                   
00006877  __aeabi_dadd                                   
00006cad  __aeabi_ddiv                                   
00007019  __aeabi_dmul                                   
0000686d  __aeabi_dsub                                   
00007bc9  __aeabi_errno_addr                             
00007a75  __aeabi_f2d                                    
00007aad  __aeabi_i2d                                    
00002e5b  __aeabi_idiv0                                  
00002e5b  __aeabi_ldiv0                                  
00007589  __aeabi_memclr                                 
00007589  __aeabi_memclr4                                
00007589  __aeabi_memclr8                                
0000734b  __aeabi_memcpy                                 
0000734b  __aeabi_memcpy4                                
0000734b  __aeabi_memcpy8                                
0000758b  __aeabi_memset                                 
0000758b  __aeabi_memset4                                
0000758b  __aeabi_memset8                                
00007adb  __aeabi_ui2d                                   
000073e7  __aeabi_uldivmod                               
ffffffff  __binit__                                      
ffffffff  __c_args__                                     
UNDEFED   __mpu_init                                     
2000fe00  __stack                                        
00007a3d  _c_int00_noargs                                
00007bd8  _ctypes_                                       
UNDEFED   _system_post_cinit                             
00007bd1  _system_pre_init                               
00007bd5  abort                                          
00007b6d  atof                                           
000078a9  atoi                                           
ffffffff  binit                                          
00004fb5  configClocks                                   
000052b3  configInterrupts                               
00004fdb  configPins                                     
0000523b  configTimers                                   
00005283  configUart                                     
2000050c  controlFlag                                    
00007ef8  controlTimerConfig                             
00005c97  controlUpdate                                  
00007b45  copysign                                       
00007b45  copysignl                                      
0000729f  csvStringRead                                  
20000320  debugVar                                       
00007327  delay                                          
00006b13  delayMs                                        
2000051c  encCounts                                      
20000534  encPins                                        
20000540  errno                                          
00007749  frexp                                          
00007749  frexpl                                         
20000000  g_pfnRAMVectors                                
00005971  initEncoder                                    
00000000  interruptVectors                               
20000288  kPid                                           
00006f09  ldexp                                          
00006f09  ldexpl                                         
20000300  light                                          
00007ebc  lightAdc                                       
2000041c  lpfCoeffs                                      
00007803  ltoa                                           
00006a25  main                                           
00007afb  memccpy                                        
0000734b  memcpy                                         
00007591  memset                                         
20000510  newSetpointFlag                                
200000e4  pres                                           
00007f88  presAdc                                        
20000338  presDes                                        
200002d8  presFilt                                       
2000053a  prevEncState                                   
00007f10  pwmTimerConfig1                                
00007f28  pwmTimerConfig2                                
00007f40  pwmTimerConfig3                                
00007f58  pwmTimerConfig4                                
00006f09  scalbn                                         
00006f09  scalbnl                                        
00005f2d  sendData                                       
20000514  sendDataCount                                  
20000508  sensorFlag                                     
00007f70  sensorTimerConfig                              
00005655  sensorUpdate                                   
00007981  sprintf                                        
000052d7  startTimers                                    
00007b2f  strchr                                         
00007b59  strlen                                         
00004349  strtod                                         
00004349  strtold                                        
20000354  textBuf                                        
20000524  theta1                                         
2000052c  theta2                                         
00007e78  uartConfig                                     
00005c59  updateValues                                   
20000518  updateValuesFlag                               
00007b91  wcslen                                         


GLOBAL SYMBOLS: SORTED BY Symbol Address 

address   name                                           
-------   ----                                           
00000000  __TI_static_base__                             
00000000  interruptVectors                               
00000200  __STACK_SIZE                                   
0000028f  FlashCtl_getMemoryInfo                         
0000060d  FlashCtl_enableReadBuffering                   
00000661  FlashCtl_disableReadBuffering                  
000006c1  FlashCtl_unprotectSector                       
00000731  FlashCtl_protectSector                         
00000791  FlashCtl_isSectorProtected                     
0000081d  FlashCtl_verifyMemory                          
00000a85  FlashCtl_setReadMode                           
00000af1  FlashCtl_getReadMode                           
00000b1b  FlashCtl_initiateMassErase                     
00000b41  FlashCtl_performMassErase                      
00000c8d  FlashCtl_eraseSector                           
00000db1  FlashCtl_initiateSectorErase                   
00000e49  FlashCtl_programMemory                         
00000fb9  FlashCtl_setProgramVerification                
00000ff3  FlashCtl_clearProgramVerification              
0000102d  FlashCtl_enableWordProgramming                 
0000105d  FlashCtl_disableWordProgramming                
00001069  FlashCtl_isWordProgrammingEnabled              
00001085  FlashCtl_setWaitState                          
000010c3  FlashCtl_getWaitState                          
000010f1  FlashCtl_enableInterrupt                       
00001105  FlashCtl_disableInterrupt                      
00001119  FlashCtl_getInterruptStatus                    
0000111f  FlashCtl_getEnabledInterruptStatus             
0000112f  FlashCtl_clearInterruptFlag                    
00001143  FlashCtl_registerInterrupt                     
00001157  FlashCtl_unregisterInterrupt                   
00001167  __FlashCtl_remaskData8Post                     
000011e7  __FlashCtl_remaskData8Pre                      
00001285  __FlashCtl_remaskData32Post                    
00001369  __FlashCtl_remaskData32Pre                     
00001441  __FlashCtl_remaskBurstDataPre                  
0000155b  __FlashCtl_remaskBurstDataPost                 
000018e5  CS_setExternalClockSourceFrequency             
00001921  CS_initClockSignal                             
00001a25  CS_startHFXT                                   
00001a49  CS_startHFXTWithTimeout                        
00001b0d  CS_startLFXT                                   
00001b31  CS_startLFXTWithTimeout                        
00001c01  CS_enableClockRequest                          
00001c29  CS_disableClockRequest                         
00001c4b  CS_setReferenceOscillatorFrequency             
00001c71  CS_enableDCOExternalResistor                   
00001c99  CS_setDCOExternalResistorCalibration           
00001d0f  CS_disableDCOExternalResistor                  
00001d2d  CS_setDCOCenteredFrequency                     
00001d65  CS_tuneDCOFrequency                            
00001e09  CS_getDCOFrequency                             
00001fa9  CS_setDCOFrequency                             
00002181  CS_getBCLK                                     
0000219d  CS_getHSMCLK                                   
000021c1  CS_getACLK                                     
000021e5  CS_getSMCLK                                    
00002207  CS_getMCLK                                     
00002229  CS_enableFaultCounter                          
00002255  CS_disableFaultCounter                         
00002281  CS_resetFaultCounter                           
000022cd  CS_startFaultCounter                           
0000231d  CS_enableInterrupt                             
0000233f  CS_disableInterrupt                            
00002361  CS_getInterruptStatus                          
00002367  CS_getEnabledInterruptStatus                   
00002381  CS_clearInterruptFlag                          
000023a3  CS_registerInterrupt                           
000023b7  CS_unregisterInterrupt                         
000023fd  __TI_printfi                                   
00002e5b  __aeabi_idiv0                                  
00002e5b  __aeabi_ldiv0                                  
00002fc5  ADC14_enableModule                             
00002fcd  ADC14_disableModule                            
00002fe3  ADC14_enableSampleTimer                        
0000300d  ADC14_disableSampleTimer                       
00003023  ADC14_initModule                               
00003069  ADC14_setResolution                            
00003083  ADC14_getResolution                            
0000308d  ADC14_setSampleHoldTrigger                     
000030cf  ADC14_setSampleHoldTime                        
000030f9  ADC14_configureMultiSequenceMode               
0000318f  ADC14_configureSingleSampleMode                
000031e5  ADC14_enableConversion                         
00003205  ADC14_toggleConversionTrigger                  
00003227  ADC14_disableConversion                        
00003233  ADC14_isBusy                                   
00003251  ADC14_configureConversionMemory                
000032f9  ADC14_enableComparatorWindow                   
00003389  ADC14_disableComparatorWindow                  
000033e7  ADC14_setComparatorWindowValue                 
0000346d  ADC14_setResultFormat                          
00003497  ADC14_getResult                                
000034b1  ADC14_getMultiSequenceResult                   
0000351d  ADC14_getResultArray                           
00003591  ADC14_enableReferenceBurst                     
000035a7  ADC14_disableReferenceBurst                    
000035bd  ADC14_setPowerMode                             
000035ff  ADC14_enableInterrupt                          
00003627  ADC14_disableInterrupt                         
0000364f  ADC14_getInterruptStatus                       
00003673  ADC14_getEnabledInterruptStatus                
000036a9  ADC14_clearInterruptFlag                       
000036d5  ADC14_registerInterrupt                        
000036e9  ADC14_unregisterInterrupt                      
00003875  Timer_A_startCounter                           
0000388b  Timer_A_configureContinuousMode                
000038bb  Timer_A_configureUpMode                        
00003919  Timer_A_configureUpDownMode                    
00003977  Timer_A_initCapture                            
000039c9  Timer_A_initCompare                            
00003a17  Timer_A_getCounterValue                        
00003a63  Timer_A_clearTimer                             
00003a77  Timer_A_getSynchronizedCaptureCompareInput     
00003aa7  Timer_A_getOutputForOutputModeOutBitValue      
00003ad5  Timer_A_getCaptureCompareCount                 
00003af7  Timer_A_setOutputForOutputModeOutBitValue      
00003b2f  Timer_A_generatePWM                            
00003ba5  Timer_A_stopTimer                              
00003bb9  Timer_A_setCompareValue                        
00003be5  Timer_A_clearInterruptFlag                     
00003bfb  Timer_A_clearCaptureCompareInterrupt           
00003c23  Timer_A_enableInterrupt                        
00003c37  Timer_A_disableInterrupt                       
00003c4b  Timer_A_getInterruptStatus                     
00003c5d  Timer_A_enableCaptureCompareInterrupt          
00003c89  Timer_A_disableCaptureCompareInterrupt         
00003cb1  Timer_A_getCaptureCompareInterruptStatus       
00003cd9  Timer_A_getEnabledInterruptStatus              
00003cf1  Timer_A_getCaptureCompareEnabledInterruptStatus
00003d2d  Timer_A_registerInterrupt                      
00003dff  Timer_A_unregisterInterrupt                    
00003ec9  GPIO_setAsOutputPin                            
00003f03  GPIO_setAsInputPin                             
00003f49  GPIO_setAsPeripheralModuleFunctionOutputPin    
00003fcd  GPIO_setAsPeripheralModuleFunctionInputPin     
00004051  GPIO_setOutputHighOnPin                        
00004073  GPIO_setOutputLowOnPin                         
00004095  GPIO_toggleOutputOnPin                         
000040b7  GPIO_setAsInputPinWithPullDownResistor         
00004109  GPIO_setAsInputPinWithPullUpResistor           
0000415b  GPIO_getInputPinValue                          
00004189  GPIO_enableInterrupt                           
000041ab  GPIO_disableInterrupt                          
000041cd  GPIO_getInterruptStatus                        
000041eb  GPIO_clearInterruptFlag                        
0000420d  GPIO_interruptEdgeSelect                       
00004243  GPIO_getEnabledInterruptStatus                 
000042bf  GPIO_setDriveStrengthHigh                      
000042e1  GPIO_setDriveStrengthLow                       
00004303  GPIO_registerInterrupt                         
00004323  GPIO_unregisterInterrupt                       
00004349  strtod                                         
00004349  strtold                                        
000047a9  UART_initModule                                
00004891  UART_transmitData                              
000048bb  UART_receiveData                               
000048e1  UART_enableModule                              
000048f7  UART_disableModule                             
0000490d  UART_queryStatusFlags                          
00004921  UART_setDormant                                
00004935  UART_resetDormant                              
00004949  UART_transmitAddress                           
00004967  UART_transmitBreak                             
000049ad  UART_getReceiveBufferAddressForDMA             
000049bb  UART_getTransmitBufferAddressForDMA            
000049c9  UART_selectDeglitchTime                        
000049e5  UART_enableInterrupt                           
00004a15  UART_disableInterrupt                          
00004a45  UART_getInterruptStatus                        
00004a61  UART_getEnabledInterruptStatus                 
00004abd  UART_clearInterruptFlag                        
00004add  UART_registerInterrupt                         
00004b59  UART_unregisterInterrupt                       
00004bc7  Interrupt_enableMaster                         
00004bd7  Interrupt_disableMaster                        
00004be7  Interrupt_registerInterrupt                    
00004c39  Interrupt_unregisterInterrupt                  
00004c4d  Interrupt_setPriorityGrouping                  
00004c67  Interrupt_getPriorityGrouping                  
00004c9f  Interrupt_setPriority                          
00004cef  Interrupt_getPriority                          
00004d15  Interrupt_enableInterrupt                      
00004d87  Interrupt_disableInterrupt                     
00004df9  Interrupt_isEnabled                            
00004e85  Interrupt_pendInterrupt                        
00004ef5  Interrupt_unpendInterrupt                      
00004f43  Interrupt_setPriorityMask                      
00004f53  Interrupt_getPriorityMask                      
00004f5d  Interrupt_setVectorTableAddress                
00004f6d  Interrupt_getVectorTableAddress                
00004f73  Interrupt_enableSleepOnIsrExit                 
00004f85  Interrupt_disableSleepOnIsrExit                
00004fb5  configClocks                                   
00004fdb  configPins                                     
00005081  Analog_Config                                  
000051f7  Enc_Config                                     
0000523b  configTimers                                   
00005283  configUart                                     
000052b3  configInterrupts                               
000052d7  startTimers                                    
00005321  SystemCoreClockUpdate                          
00005599  SystemInit                                     
00005655  sensorUpdate                                   
000058c1  TA1_0_IRQHandler                               
000058c1  TA1_0_IRQHandler                               
00005971  initEncoder                                    
00005a55  PORT3_IRQHandler                               
00005a55  PORT3_IRQHandler                               
00005c59  updateValues                                   
00005c97  controlUpdate                                  
00005eb5  TA2_0_IRQHandler                               
00005eb5  TA2_0_IRQHandler                               
00005f2d  sendData                                       
000060e5  EUSCIA0_IRQHandler                             
000060e5  EUSCIA0_IRQHandler                             
00006459  SysCtl_getTLVInfo                              
000064cf  SysCtl_getSRAMSize                             
000064d5  SysCtl_getFlashSize                            
000064db  SysCtl_disableNMISource                        
000064ef  SysCtl_enableNMISource                         
00006503  SysCtl_getNMISourceStatus                      
00006509  SysCtl_enableSRAMBank                          
00006525  SysCtl_disableSRAMBank                         
0000658d  SysCtl_enableSRAMBankRetention                 
000065a9  SysCtl_disableSRAMBankRetention                
000065c5  SysCtl_rebootDevice                            
000065cf  SysCtl_enablePeripheralAtCPUHalt               
000065e3  SysCtl_disablePeripheralAtCPUHalt              
000065f7  SysCtl_setWDTTimeoutResetType                  
0000661b  SysCtl_setWDTPasswordViolationResetType        
0000663f  SysCtl_enableGlitchFilter                      
0000664b  SysCtl_disableGlitchFilter                     
00006657  SysCtl_getTempCalibrationConstant              
0000686d  __aeabi_dsub                                   
00006877  __aeabi_dadd                                   
00006a25  main                                           
00006ae1  PORT1_IRQHandler                               
00006ae1  PORT1_IRQHandler                               
00006b13  delayMs                                        
00006cad  __aeabi_ddiv                                   
00006f09  ldexp                                          
00006f09  ldexpl                                         
00006f09  scalbn                                         
00006f09  scalbnl                                        
00007019  __aeabi_dmul                                   
00007115  WDT_A_holdTimer                                
00007135  WDT_A_startTimer                               
00007155  WDT_A_clearTimer                               
00007175  WDT_A_initWatchdogTimer                        
00007191  WDT_A_initIntervalTimer                        
000071ad  WDT_A_setPasswordViolationReset                
000071b9  WDT_A_setTimeoutReset                          
000071c5  WDT_A_registerInterrupt                        
000071d9  WDT_A_unregisterInterrupt                      
0000729f  csvStringRead                                  
00007327  delay                                          
0000734b  __aeabi_memcpy                                 
0000734b  __aeabi_memcpy4                                
0000734b  __aeabi_memcpy8                                
0000734b  memcpy                                         
000073e7  __aeabi_uldivmod                               
0000747d  __aeabi_cdcmpeq                                
0000747d  __aeabi_cdcmple                                
00007503  __aeabi_cdrcmple                               
00007589  __aeabi_memclr                                 
00007589  __aeabi_memclr4                                
00007589  __aeabi_memclr8                                
0000758b  __aeabi_memset                                 
0000758b  __aeabi_memset4                                
0000758b  __aeabi_memset8                                
00007591  memset                                         
00007671  __aeabi_d2f                                    
000076df  __TI_decompress_lzss                           
00007749  frexp                                          
00007749  frexpl                                         
00007803  ltoa                                           
000078a9  atoi                                           
000078f5  __aeabi_d2iz                                   
0000793d  __TI_auto_init_nobinit_nopinit                 
00007981  sprintf                                        
000079ff  CPU_cpsid                                      
00007a0b  CPU_primask                                    
00007a15  CPU_cpsie                                      
00007a21  CPU_wfi                                        
00007a25  CPU_basepriSet                                 
00007a33  CPU_basepriGet                                 
00007a3d  _c_int00_noargs                                
00007a75  __aeabi_f2d                                    
00007aad  __aeabi_i2d                                    
00007adb  __aeabi_ui2d                                   
00007afb  memccpy                                        
00007b2f  strchr                                         
00007b45  copysign                                       
00007b45  copysignl                                      
00007b59  strlen                                         
00007b6d  atof                                           
00007b7f  __TI_zero_init_nomemset                        
00007b91  wcslen                                         
00007ba3  __TI_decompress_none                           
00007bb1  Reset_Handler                                  
00007bbd  ADC14_IRQHandler                               
00007bbd  AES256_IRQHandler                              
00007bbd  BusFault_Handler                               
00007bbd  COMP_E0_IRQHandler                             
00007bbd  COMP_E1_IRQHandler                             
00007bbd  CS_IRQHandler                                  
00007bbd  DMA_ERR_IRQHandler                             
00007bbd  DMA_INT0_IRQHandler                            
00007bbd  DMA_INT1_IRQHandler                            
00007bbd  DMA_INT2_IRQHandler                            
00007bbd  DMA_INT3_IRQHandler                            
00007bbd  DebugMon_Handler                               
00007bbd  Default_Handler                                
00007bbd  EUSCIA1_IRQHandler                             
00007bbd  EUSCIA2_IRQHandler                             
00007bbd  EUSCIA3_IRQHandler                             
00007bbd  EUSCIB0_IRQHandler                             
00007bbd  EUSCIB1_IRQHandler                             
00007bbd  EUSCIB2_IRQHandler                             
00007bbd  EUSCIB3_IRQHandler                             
00007bbd  FLCTL_IRQHandler                               
00007bbd  FPU_IRQHandler                                 
00007bbd  HardFault_Handler                              
00007bbd  MemManage_Handler                              
00007bbd  NMI_Handler                                    
00007bbd  PCM_IRQHandler                                 
00007bbd  PORT2_IRQHandler                               
00007bbd  PORT4_IRQHandler                               
00007bbd  PORT5_IRQHandler                               
00007bbd  PORT6_IRQHandler                               
00007bbd  PSS_IRQHandler                                 
00007bbd  PendSV_Handler                                 
00007bbd  RTC_C_IRQHandler                               
00007bbd  SVC_Handler                                    
00007bbd  SysTick_Handler                                
00007bbd  T32_INT1_IRQHandler                            
00007bbd  T32_INT2_IRQHandler                            
00007bbd  T32_INTC_IRQHandler                            
00007bbd  TA0_0_IRQHandler                               
00007bbd  TA0_N_IRQHandler                               
00007bbd  TA1_N_IRQHandler                               
00007bbd  TA2_N_IRQHandler                               
00007bbd  TA3_0_IRQHandler                               
00007bbd  TA3_N_IRQHandler                               
00007bbd  UsageFault_Handler                             
00007bbd  WDT_A_IRQHandler                               
00007bc9  __aeabi_errno_addr                             
00007bd1  _system_pre_init                               
00007bd5  C$$EXIT                                        
00007bd5  abort                                          
00007bd8  _ctypes_                                       
00007e78  uartConfig                                     
00007ebc  lightAdc                                       
00007ef8  controlTimerConfig                             
00007f10  pwmTimerConfig1                                
00007f28  pwmTimerConfig2                                
00007f40  pwmTimerConfig3                                
00007f58  pwmTimerConfig4                                
00007f70  sensorTimerConfig                              
00007f88  presAdc                                        
00008080  __TI_Handler_Table_Base                        
0000808c  __TI_Handler_Table_Limit                       
000080a0  __TI_CINIT_Base                                
000080b8  __TI_CINIT_Limit                               
20000000  g_pfnRAMVectors                                
200000e4  pres                                           
20000288  kPid                                           
200002d8  presFilt                                       
20000300  light                                          
20000320  debugVar                                       
20000338  presDes                                        
20000354  textBuf                                        
2000041c  lpfCoeffs                                      
20000508  sensorFlag                                     
2000050c  controlFlag                                    
20000510  newSetpointFlag                                
20000514  sendDataCount                                  
20000518  updateValuesFlag                               
2000051c  encCounts                                      
20000524  theta1                                         
2000052c  theta2                                         
20000534  encPins                                        
2000053a  prevEncState                                   
20000540  errno                                          
20000544  SystemCoreClock                                
2000fe00  __stack                                        
20010000  __STACK_END                                    
4000480c  WDTCTL_SYM                                     
ffffffff  __TI_pprof_out_hndl                            
ffffffff  __TI_prof_data_size                            
ffffffff  __TI_prof_data_start                           
ffffffff  __binit__                                      
ffffffff  __c_args__                                     
ffffffff  binit                                          
UNDEFED   __mpu_init                                     
UNDEFED   _system_post_cinit                             

[397 symbols]
